Archive member included to satisfy reference by file (symbol)

/opt/riscv32imc/bin/../lib/gcc/riscv32-unknown-elf/8.2.0/libgcc.a(_udivdi3.o)
                              obj/libnklabs/nkprintf.o (__udivdi3)
/opt/riscv32imc/bin/../lib/gcc/riscv32-unknown-elf/8.2.0/libgcc.a(_umoddi3.o)
                              obj/libnklabs/nkprintf.o (__umoddi3)
/opt/riscv32imc/bin/../lib/gcc/riscv32-unknown-elf/8.2.0/libgcc.a(fixdfsi.o)
                              obj/libnklabs/nkserialize.o (__fixdfsi)
/opt/riscv32imc/bin/../lib/gcc/riscv32-unknown-elf/8.2.0/libgcc.a(fixunsdfsi.o)
                              obj/libnklabs/nkserialize.o (__fixunsdfsi)
/opt/riscv32imc/bin/../lib/gcc/riscv32-unknown-elf/8.2.0/libgcc.a(floatdidf.o)
                              obj/libnklabs/nkserialize.o (__floatdidf)
/opt/riscv32imc/bin/../lib/gcc/riscv32-unknown-elf/8.2.0/libgcc.a(floatundidf.o)
                              obj/libnklabs/nkserialize.o (__floatundidf)
/opt/riscv32imc/bin/../lib/gcc/riscv32-unknown-elf/8.2.0/libgcc.a(floatdisf.o)
                              obj/libnklabs/nkserialize.o (__floatdisf)
/opt/riscv32imc/bin/../lib/gcc/riscv32-unknown-elf/8.2.0/libgcc.a(floatundisf.o)
                              obj/libnklabs/nkserialize.o (__floatundisf)
/opt/riscv32imc/bin/../lib/gcc/riscv32-unknown-elf/8.2.0/libgcc.a(extendsfdf2.o)
                              obj/libnklabs/nkserialize.o (__extendsfdf2)
/opt/riscv32imc/bin/../lib/gcc/riscv32-unknown-elf/8.2.0/libgcc.a(truncdfsf2.o)
                              obj/libnklabs/nkserialize.o (__truncdfsf2)
/opt/riscv32imc/bin/../lib/gcc/riscv32-unknown-elf/8.2.0/libgcc.a(_lshrdi3.o)
                              /opt/riscv32imc/bin/../lib/gcc/riscv32-unknown-elf/8.2.0/libgcc.a(floatdidf.o) (__lshrdi3)
/opt/riscv32imc/bin/../lib/gcc/riscv32-unknown-elf/8.2.0/libgcc.a(_ashldi3.o)
                              /opt/riscv32imc/bin/../lib/gcc/riscv32-unknown-elf/8.2.0/libgcc.a(floatdidf.o) (__ashldi3)
/opt/riscv32imc/bin/../lib/gcc/riscv32-unknown-elf/8.2.0/libgcc.a(_clz.o)
                              /opt/riscv32imc/bin/../lib/gcc/riscv32-unknown-elf/8.2.0/libgcc.a(_udivdi3.o) (__clz_tab)
/opt/riscv32imc/bin/../lib/gcc/riscv32-unknown-elf/8.2.0/libgcc.a(_clzsi2.o)
                              /opt/riscv32imc/bin/../lib/gcc/riscv32-unknown-elf/8.2.0/libgcc.a(floatdidf.o) (__clzsi2)

Allocating common symbols
Common symbol       size              file

xfer_buf            0x80              obj/database.o
test_tid            0x4               obj/libnklabs/nksched.o
nk_cli_tid          0x4               obj/libnklabs/nkcli.o
cal                 0xc               obj/database.o
waiting_rx_task     0x4               obj/nkuart_riscv.o
ymodem_file         0xc               obj/nkymodem_cmd.o
tag                 0x1               obj/tunnel_fpga.o
waiting_rx_task_data
                    0x4               obj/nkuart_riscv.o
console_tid         0x4               obj/libnklabs/nkreadline.o
console_prompt      0x4               obj/libnklabs/nkreadline.o
timeout_tid         0x4               obj/libnklabs/nkymodem.o
cal_rev             0x1               obj/database.o
waiting_rx_tid      0x4               obj/nkuart_riscv.o
max_len             0x4               obj/libnklabs/nkymodem.o
console_callback    0x4               obj/libnklabs/nkreadline.o

Discarded input sections

 .debug_info    0x0000000000000000     0x121a /opt/riscv32imc/bin/../lib/gcc/riscv32-unknown-elf/8.2.0/libgcc.a(_udivdi3.o)
 .debug_abbrev  0x0000000000000000      0x2cc /opt/riscv32imc/bin/../lib/gcc/riscv32-unknown-elf/8.2.0/libgcc.a(_udivdi3.o)
 .debug_loc     0x0000000000000000      0xc1c /opt/riscv32imc/bin/../lib/gcc/riscv32-unknown-elf/8.2.0/libgcc.a(_udivdi3.o)
 .debug_aranges
                0x0000000000000000       0x20 /opt/riscv32imc/bin/../lib/gcc/riscv32-unknown-elf/8.2.0/libgcc.a(_udivdi3.o)
 .debug_ranges  0x0000000000000000      0x100 /opt/riscv32imc/bin/../lib/gcc/riscv32-unknown-elf/8.2.0/libgcc.a(_udivdi3.o)
 .debug_line    0x0000000000000000      0x8c3 /opt/riscv32imc/bin/../lib/gcc/riscv32-unknown-elf/8.2.0/libgcc.a(_udivdi3.o)
 .debug_str     0x0000000000000000      0x81e /opt/riscv32imc/bin/../lib/gcc/riscv32-unknown-elf/8.2.0/libgcc.a(_udivdi3.o)
 .debug_info    0x0000000000000000     0x1278 /opt/riscv32imc/bin/../lib/gcc/riscv32-unknown-elf/8.2.0/libgcc.a(_umoddi3.o)
 .debug_abbrev  0x0000000000000000      0x2e8 /opt/riscv32imc/bin/../lib/gcc/riscv32-unknown-elf/8.2.0/libgcc.a(_umoddi3.o)
 .debug_loc     0x0000000000000000      0x969 /opt/riscv32imc/bin/../lib/gcc/riscv32-unknown-elf/8.2.0/libgcc.a(_umoddi3.o)
 .debug_aranges
                0x0000000000000000       0x20 /opt/riscv32imc/bin/../lib/gcc/riscv32-unknown-elf/8.2.0/libgcc.a(_umoddi3.o)
 .debug_ranges  0x0000000000000000       0xd0 /opt/riscv32imc/bin/../lib/gcc/riscv32-unknown-elf/8.2.0/libgcc.a(_umoddi3.o)
 .debug_line    0x0000000000000000      0x973 /opt/riscv32imc/bin/../lib/gcc/riscv32-unknown-elf/8.2.0/libgcc.a(_umoddi3.o)
 .debug_str     0x0000000000000000      0x81e /opt/riscv32imc/bin/../lib/gcc/riscv32-unknown-elf/8.2.0/libgcc.a(_umoddi3.o)
 .debug_info    0x0000000000000000      0x217 /opt/riscv32imc/bin/../lib/gcc/riscv32-unknown-elf/8.2.0/libgcc.a(fixdfsi.o)
 .debug_abbrev  0x0000000000000000      0x18a /opt/riscv32imc/bin/../lib/gcc/riscv32-unknown-elf/8.2.0/libgcc.a(fixdfsi.o)
 .debug_loc     0x0000000000000000      0x16d /opt/riscv32imc/bin/../lib/gcc/riscv32-unknown-elf/8.2.0/libgcc.a(fixdfsi.o)
 .debug_aranges
                0x0000000000000000       0x20 /opt/riscv32imc/bin/../lib/gcc/riscv32-unknown-elf/8.2.0/libgcc.a(fixdfsi.o)
 .debug_ranges  0x0000000000000000       0x18 /opt/riscv32imc/bin/../lib/gcc/riscv32-unknown-elf/8.2.0/libgcc.a(fixdfsi.o)
 .debug_line    0x0000000000000000      0x21b /opt/riscv32imc/bin/../lib/gcc/riscv32-unknown-elf/8.2.0/libgcc.a(fixdfsi.o)
 .debug_str     0x0000000000000000      0x241 /opt/riscv32imc/bin/../lib/gcc/riscv32-unknown-elf/8.2.0/libgcc.a(fixdfsi.o)
 .debug_frame   0x0000000000000000       0x20 /opt/riscv32imc/bin/../lib/gcc/riscv32-unknown-elf/8.2.0/libgcc.a(fixdfsi.o)
 .debug_info    0x0000000000000000      0x205 /opt/riscv32imc/bin/../lib/gcc/riscv32-unknown-elf/8.2.0/libgcc.a(fixunsdfsi.o)
 .debug_abbrev  0x0000000000000000      0x18a /opt/riscv32imc/bin/../lib/gcc/riscv32-unknown-elf/8.2.0/libgcc.a(fixunsdfsi.o)
 .debug_loc     0x0000000000000000       0xef /opt/riscv32imc/bin/../lib/gcc/riscv32-unknown-elf/8.2.0/libgcc.a(fixunsdfsi.o)
 .debug_aranges
                0x0000000000000000       0x20 /opt/riscv32imc/bin/../lib/gcc/riscv32-unknown-elf/8.2.0/libgcc.a(fixunsdfsi.o)
 .debug_ranges  0x0000000000000000       0x20 /opt/riscv32imc/bin/../lib/gcc/riscv32-unknown-elf/8.2.0/libgcc.a(fixunsdfsi.o)
 .debug_line    0x0000000000000000      0x1d0 /opt/riscv32imc/bin/../lib/gcc/riscv32-unknown-elf/8.2.0/libgcc.a(fixunsdfsi.o)
 .debug_str     0x0000000000000000      0x240 /opt/riscv32imc/bin/../lib/gcc/riscv32-unknown-elf/8.2.0/libgcc.a(fixunsdfsi.o)
 .debug_frame   0x0000000000000000       0x20 /opt/riscv32imc/bin/../lib/gcc/riscv32-unknown-elf/8.2.0/libgcc.a(fixunsdfsi.o)
 .debug_info    0x0000000000000000      0x2f5 /opt/riscv32imc/bin/../lib/gcc/riscv32-unknown-elf/8.2.0/libgcc.a(floatdidf.o)
 .debug_abbrev  0x0000000000000000      0x19f /opt/riscv32imc/bin/../lib/gcc/riscv32-unknown-elf/8.2.0/libgcc.a(floatdidf.o)
 .debug_loc     0x0000000000000000      0x250 /opt/riscv32imc/bin/../lib/gcc/riscv32-unknown-elf/8.2.0/libgcc.a(floatdidf.o)
 .debug_aranges
                0x0000000000000000       0x20 /opt/riscv32imc/bin/../lib/gcc/riscv32-unknown-elf/8.2.0/libgcc.a(floatdidf.o)
 .debug_ranges  0x0000000000000000       0x68 /opt/riscv32imc/bin/../lib/gcc/riscv32-unknown-elf/8.2.0/libgcc.a(floatdidf.o)
 .debug_line    0x0000000000000000      0x40b /opt/riscv32imc/bin/../lib/gcc/riscv32-unknown-elf/8.2.0/libgcc.a(floatdidf.o)
 .debug_str     0x0000000000000000      0x2e1 /opt/riscv32imc/bin/../lib/gcc/riscv32-unknown-elf/8.2.0/libgcc.a(floatdidf.o)
 .debug_frame   0x0000000000000000       0x4c /opt/riscv32imc/bin/../lib/gcc/riscv32-unknown-elf/8.2.0/libgcc.a(floatdidf.o)
 .debug_info    0x0000000000000000      0x2e8 /opt/riscv32imc/bin/../lib/gcc/riscv32-unknown-elf/8.2.0/libgcc.a(floatundidf.o)
 .debug_abbrev  0x0000000000000000      0x19f /opt/riscv32imc/bin/../lib/gcc/riscv32-unknown-elf/8.2.0/libgcc.a(floatundidf.o)
 .debug_loc     0x0000000000000000      0x2ec /opt/riscv32imc/bin/../lib/gcc/riscv32-unknown-elf/8.2.0/libgcc.a(floatundidf.o)
 .debug_aranges
                0x0000000000000000       0x20 /opt/riscv32imc/bin/../lib/gcc/riscv32-unknown-elf/8.2.0/libgcc.a(floatundidf.o)
 .debug_ranges  0x0000000000000000       0x68 /opt/riscv32imc/bin/../lib/gcc/riscv32-unknown-elf/8.2.0/libgcc.a(floatundidf.o)
 .debug_line    0x0000000000000000      0x3ef /opt/riscv32imc/bin/../lib/gcc/riscv32-unknown-elf/8.2.0/libgcc.a(floatundidf.o)
 .debug_str     0x0000000000000000      0x2de /opt/riscv32imc/bin/../lib/gcc/riscv32-unknown-elf/8.2.0/libgcc.a(floatundidf.o)
 .debug_frame   0x0000000000000000       0x44 /opt/riscv32imc/bin/../lib/gcc/riscv32-unknown-elf/8.2.0/libgcc.a(floatundidf.o)
 .debug_info    0x0000000000000000      0x259 /opt/riscv32imc/bin/../lib/gcc/riscv32-unknown-elf/8.2.0/libgcc.a(floatdisf.o)
 .debug_abbrev  0x0000000000000000      0x18d /opt/riscv32imc/bin/../lib/gcc/riscv32-unknown-elf/8.2.0/libgcc.a(floatdisf.o)
 .debug_loc     0x0000000000000000      0x1b2 /opt/riscv32imc/bin/../lib/gcc/riscv32-unknown-elf/8.2.0/libgcc.a(floatdisf.o)
 .debug_aranges
                0x0000000000000000       0x20 /opt/riscv32imc/bin/../lib/gcc/riscv32-unknown-elf/8.2.0/libgcc.a(floatdisf.o)
 .debug_ranges  0x0000000000000000       0x68 /opt/riscv32imc/bin/../lib/gcc/riscv32-unknown-elf/8.2.0/libgcc.a(floatdisf.o)
 .debug_line    0x0000000000000000      0x339 /opt/riscv32imc/bin/../lib/gcc/riscv32-unknown-elf/8.2.0/libgcc.a(floatdisf.o)
 .debug_str     0x0000000000000000      0x2b8 /opt/riscv32imc/bin/../lib/gcc/riscv32-unknown-elf/8.2.0/libgcc.a(floatdisf.o)
 .debug_frame   0x0000000000000000       0x48 /opt/riscv32imc/bin/../lib/gcc/riscv32-unknown-elf/8.2.0/libgcc.a(floatdisf.o)
 .debug_info    0x0000000000000000      0x24c /opt/riscv32imc/bin/../lib/gcc/riscv32-unknown-elf/8.2.0/libgcc.a(floatundisf.o)
 .debug_abbrev  0x0000000000000000      0x18d /opt/riscv32imc/bin/../lib/gcc/riscv32-unknown-elf/8.2.0/libgcc.a(floatundisf.o)
 .debug_loc     0x0000000000000000      0x1c8 /opt/riscv32imc/bin/../lib/gcc/riscv32-unknown-elf/8.2.0/libgcc.a(floatundisf.o)
 .debug_aranges
                0x0000000000000000       0x20 /opt/riscv32imc/bin/../lib/gcc/riscv32-unknown-elf/8.2.0/libgcc.a(floatundisf.o)
 .debug_ranges  0x0000000000000000       0x68 /opt/riscv32imc/bin/../lib/gcc/riscv32-unknown-elf/8.2.0/libgcc.a(floatundisf.o)
 .debug_line    0x0000000000000000      0x31d /opt/riscv32imc/bin/../lib/gcc/riscv32-unknown-elf/8.2.0/libgcc.a(floatundisf.o)
 .debug_str     0x0000000000000000      0x2b5 /opt/riscv32imc/bin/../lib/gcc/riscv32-unknown-elf/8.2.0/libgcc.a(floatundisf.o)
 .debug_frame   0x0000000000000000       0x44 /opt/riscv32imc/bin/../lib/gcc/riscv32-unknown-elf/8.2.0/libgcc.a(floatundisf.o)
 .debug_info    0x0000000000000000      0x2a9 /opt/riscv32imc/bin/../lib/gcc/riscv32-unknown-elf/8.2.0/libgcc.a(extendsfdf2.o)
 .debug_abbrev  0x0000000000000000      0x17b /opt/riscv32imc/bin/../lib/gcc/riscv32-unknown-elf/8.2.0/libgcc.a(extendsfdf2.o)
 .debug_loc     0x0000000000000000      0x1a4 /opt/riscv32imc/bin/../lib/gcc/riscv32-unknown-elf/8.2.0/libgcc.a(extendsfdf2.o)
 .debug_aranges
                0x0000000000000000       0x20 /opt/riscv32imc/bin/../lib/gcc/riscv32-unknown-elf/8.2.0/libgcc.a(extendsfdf2.o)
 .debug_ranges  0x0000000000000000       0x38 /opt/riscv32imc/bin/../lib/gcc/riscv32-unknown-elf/8.2.0/libgcc.a(extendsfdf2.o)
 .debug_line    0x0000000000000000      0x363 /opt/riscv32imc/bin/../lib/gcc/riscv32-unknown-elf/8.2.0/libgcc.a(extendsfdf2.o)
 .debug_str     0x0000000000000000      0x265 /opt/riscv32imc/bin/../lib/gcc/riscv32-unknown-elf/8.2.0/libgcc.a(extendsfdf2.o)
 .debug_frame   0x0000000000000000       0x38 /opt/riscv32imc/bin/../lib/gcc/riscv32-unknown-elf/8.2.0/libgcc.a(extendsfdf2.o)
 .debug_info    0x0000000000000000      0x2e2 /opt/riscv32imc/bin/../lib/gcc/riscv32-unknown-elf/8.2.0/libgcc.a(truncdfsf2.o)
 .debug_abbrev  0x0000000000000000      0x177 /opt/riscv32imc/bin/../lib/gcc/riscv32-unknown-elf/8.2.0/libgcc.a(truncdfsf2.o)
 .debug_loc     0x0000000000000000      0x369 /opt/riscv32imc/bin/../lib/gcc/riscv32-unknown-elf/8.2.0/libgcc.a(truncdfsf2.o)
 .debug_aranges
                0x0000000000000000       0x20 /opt/riscv32imc/bin/../lib/gcc/riscv32-unknown-elf/8.2.0/libgcc.a(truncdfsf2.o)
 .debug_ranges  0x0000000000000000       0x40 /opt/riscv32imc/bin/../lib/gcc/riscv32-unknown-elf/8.2.0/libgcc.a(truncdfsf2.o)
 .debug_line    0x0000000000000000      0x3fd /opt/riscv32imc/bin/../lib/gcc/riscv32-unknown-elf/8.2.0/libgcc.a(truncdfsf2.o)
 .debug_str     0x0000000000000000      0x2c3 /opt/riscv32imc/bin/../lib/gcc/riscv32-unknown-elf/8.2.0/libgcc.a(truncdfsf2.o)
 .debug_frame   0x0000000000000000       0x20 /opt/riscv32imc/bin/../lib/gcc/riscv32-unknown-elf/8.2.0/libgcc.a(truncdfsf2.o)
 .debug_info    0x0000000000000000      0xc47 /opt/riscv32imc/bin/../lib/gcc/riscv32-unknown-elf/8.2.0/libgcc.a(_lshrdi3.o)
 .debug_abbrev  0x0000000000000000      0x275 /opt/riscv32imc/bin/../lib/gcc/riscv32-unknown-elf/8.2.0/libgcc.a(_lshrdi3.o)
 .debug_loc     0x0000000000000000       0x7e /opt/riscv32imc/bin/../lib/gcc/riscv32-unknown-elf/8.2.0/libgcc.a(_lshrdi3.o)
 .debug_aranges
                0x0000000000000000       0x20 /opt/riscv32imc/bin/../lib/gcc/riscv32-unknown-elf/8.2.0/libgcc.a(_lshrdi3.o)
 .debug_line    0x0000000000000000      0x2d3 /opt/riscv32imc/bin/../lib/gcc/riscv32-unknown-elf/8.2.0/libgcc.a(_lshrdi3.o)
 .debug_str     0x0000000000000000      0x7b4 /opt/riscv32imc/bin/../lib/gcc/riscv32-unknown-elf/8.2.0/libgcc.a(_lshrdi3.o)
 .debug_frame   0x0000000000000000       0x20 /opt/riscv32imc/bin/../lib/gcc/riscv32-unknown-elf/8.2.0/libgcc.a(_lshrdi3.o)
 .debug_info    0x0000000000000000      0xc47 /opt/riscv32imc/bin/../lib/gcc/riscv32-unknown-elf/8.2.0/libgcc.a(_ashldi3.o)
 .debug_abbrev  0x0000000000000000      0x275 /opt/riscv32imc/bin/../lib/gcc/riscv32-unknown-elf/8.2.0/libgcc.a(_ashldi3.o)
 .debug_loc     0x0000000000000000       0x7e /opt/riscv32imc/bin/../lib/gcc/riscv32-unknown-elf/8.2.0/libgcc.a(_ashldi3.o)
 .debug_aranges
                0x0000000000000000       0x20 /opt/riscv32imc/bin/../lib/gcc/riscv32-unknown-elf/8.2.0/libgcc.a(_ashldi3.o)
 .debug_line    0x0000000000000000      0x2d3 /opt/riscv32imc/bin/../lib/gcc/riscv32-unknown-elf/8.2.0/libgcc.a(_ashldi3.o)
 .debug_str     0x0000000000000000      0x7b4 /opt/riscv32imc/bin/../lib/gcc/riscv32-unknown-elf/8.2.0/libgcc.a(_ashldi3.o)
 .debug_frame   0x0000000000000000       0x20 /opt/riscv32imc/bin/../lib/gcc/riscv32-unknown-elf/8.2.0/libgcc.a(_ashldi3.o)
 .debug_info    0x0000000000000000      0xb3f /opt/riscv32imc/bin/../lib/gcc/riscv32-unknown-elf/8.2.0/libgcc.a(_clz.o)
 .debug_abbrev  0x0000000000000000      0x1e8 /opt/riscv32imc/bin/../lib/gcc/riscv32-unknown-elf/8.2.0/libgcc.a(_clz.o)
 .debug_aranges
                0x0000000000000000       0x18 /opt/riscv32imc/bin/../lib/gcc/riscv32-unknown-elf/8.2.0/libgcc.a(_clz.o)
 .debug_line    0x0000000000000000      0x1ff /opt/riscv32imc/bin/../lib/gcc/riscv32-unknown-elf/8.2.0/libgcc.a(_clz.o)
 .debug_str     0x0000000000000000      0x765 /opt/riscv32imc/bin/../lib/gcc/riscv32-unknown-elf/8.2.0/libgcc.a(_clz.o)
 .debug_info    0x0000000000000000      0xbac /opt/riscv32imc/bin/../lib/gcc/riscv32-unknown-elf/8.2.0/libgcc.a(_clzsi2.o)
 .debug_abbrev  0x0000000000000000      0x242 /opt/riscv32imc/bin/../lib/gcc/riscv32-unknown-elf/8.2.0/libgcc.a(_clzsi2.o)
 .debug_loc     0x0000000000000000       0x6b /opt/riscv32imc/bin/../lib/gcc/riscv32-unknown-elf/8.2.0/libgcc.a(_clzsi2.o)
 .debug_aranges
                0x0000000000000000       0x20 /opt/riscv32imc/bin/../lib/gcc/riscv32-unknown-elf/8.2.0/libgcc.a(_clzsi2.o)
 .debug_ranges  0x0000000000000000       0x20 /opt/riscv32imc/bin/../lib/gcc/riscv32-unknown-elf/8.2.0/libgcc.a(_clzsi2.o)
 .debug_line    0x0000000000000000      0x281 /opt/riscv32imc/bin/../lib/gcc/riscv32-unknown-elf/8.2.0/libgcc.a(_clzsi2.o)
 .debug_str     0x0000000000000000      0x782 /opt/riscv32imc/bin/../lib/gcc/riscv32-unknown-elf/8.2.0/libgcc.a(_clzsi2.o)
 .debug_frame   0x0000000000000000       0x20 /opt/riscv32imc/bin/../lib/gcc/riscv32-unknown-elf/8.2.0/libgcc.a(_clzsi2.o)

Memory Configuration

Name             Origin             Length             Attributes
FLASH            0x0000000000100000 0x0000000000100000 xr
RAM              0x0000000000000100 0x000000000000ff00 xrw
*default*        0x0000000000000000 0xffffffffffffffff

Linker script and memory map


.text           0x0000000000100000     0xcc00
                0x0000000000100000                . = ALIGN (0x4)
 *(.text)
 .text          0x0000000000100000      0x2e8 obj/start.o
                0x0000000000100228                flashio_worker_begin
                0x00000000001002dc                flashio_worker_end
 .text          0x00000000001002e8       0x62 obj/main.o
                0x00000000001002e8                irq
                0x0000000000100314                main
 .text          0x000000000010034a      0x5a2 obj/fpga.o
                0x00000000001008d0                fpga_wr
                0x00000000001008dc                fpga_rd
                0x00000000001008ea                nk_init_fpga
 .text          0x00000000001008ec      0x4aa obj/nkarch_riscv.o
                0x0000000000100958                nk_get_sched_time
                0x0000000000100960                nk_get_sched_timeout
                0x0000000000100968                nk_convert_delay
                0x0000000000100974                picorv32_timer_irq
                0x000000000010098c                nk_init_sched_timer
                0x0000000000100994                nk_start_sched_timer
                0x00000000001009a4                nk_get_time
                0x00000000001009ac                nk_udelay
                0x00000000001009ca                nk_init_mcuflash
                0x00000000001009ce                nk_mcuflash_erase
                0x0000000000100ada                strlen
                0x0000000000100af4                strcmp
                0x0000000000100b34                strcpy
                0x0000000000100b46                stpcpy
                0x0000000000100b60                memset
                0x0000000000100b72                memmove
                0x0000000000100bac                memcpy
                0x0000000000100bc4                nk_mcuflash_write
                0x0000000000100c5e                nk_mcuflash_read
                0x0000000000100cf8                memcmp
                0x0000000000100d3c                isxdigit
                0x0000000000100d58                atoi
 .text          0x0000000000100d96      0x288 obj/nkuart_riscv.o
                0x0000000000100dd4                nk_set_uart_callback
                0x0000000000100e34                nk_get_uart_mode
                0x0000000000100e3c                nk_set_uart_mode
                0x0000000000100e4a                nk_putc
                0x0000000000100e90                nk_puts
                0x0000000000100ebe                nk_uart_write
                0x0000000000100ef2                picorv32_uart_irq
                0x0000000000100f36                nk_getc
                0x0000000000100f7c                nk_kbhit
                0x0000000000100fa2                nk_uart_read
                0x000000000010101c                nk_init_uart
 .text          0x000000000010101e      0x21a obj/nkymodem_cmd.o
                0x00000000001010b8                ymodem_recv_file_open
                0x000000000010116a                ymodem_recv_file_write
                0x0000000000101182                ymodem_recv_file_close
                0x000000000010119e                ymodem_recv_file_cancel
                0x00000000001011a0                ymodem_recv_all_done
 .text          0x0000000000101238      0x57a obj/tunnel_fpga.o
                0x00000000001017b0                reboot
 .text          0x00000000001017b2      0x30a obj/database.o
                0x0000000000101a48                database_init
 .text          0x0000000000101abc      0x1a2 obj/basic_cmds.o
 .text          0x0000000000101c5e      0x14c obj/info_cmd.o
 .text          0x0000000000101daa      0x206 obj/libnklabs/nkchecked.o
                0x0000000000101daa                nk_checked_read_open
                0x0000000000101e78                nk_checked_read
                0x0000000000101eb4                nk_checked_write_open
                0x0000000000101eea                nk_checked_write
                0x0000000000101f90                nk_checked_write_close
 .text          0x0000000000101fb0       0xfa obj/libnklabs/nkdirect.o
                0x0000000000101fb0                nk_direct_read_open
                0x0000000000101fbe                nk_direct_read
                0x0000000000101ff8                nk_direct_write_open
                0x0000000000102006                nk_direct_write
                0x00000000001020a6                nk_direct_write_close
 .text          0x00000000001020aa      0x516 obj/libnklabs/nkcli.o
                0x00000000001022c4                nk_complete
                0x000000000010238e                nk_help
                0x00000000001024b6                nk_cli_enable
                0x00000000001024da                nk_cli_disable
                0x00000000001024e4                cmd_compare
                0x00000000001024f6                nk_init_cli
 .text          0x00000000001025c0      0x174 obj/libnklabs/nkcrclib.o
                0x00000000001025c0                nk_crc8
                0x0000000000102606                nk_crc32be_update
                0x0000000000102620                nk_crc32be_check
                0x000000000010264c                nk_crc32le_update
                0x000000000010266a                nk_crc32le_check
                0x0000000000102696                nk_crc16be_update
                0x00000000001026b6                nk_crc16be_check
                0x00000000001026e2                nk_crc16le_update
                0x0000000000102708                nk_crc16le_check
 .text          0x0000000000102734      0x2dc obj/libnklabs/nkdbase.o
                0x0000000000102734                nk_dbase_save
                0x0000000000102858                nk_dbase_load
 .text          0x0000000000102a10      0x186 obj/libnklabs/nkinfile.o
                0x0000000000102a10                nk_fseek_slow
                0x0000000000102a74                nkinfile_open
                0x0000000000102aac                nkinfile_open_mem
                0x0000000000102ac8                nkinfile_open_string
                0x0000000000102aec                nk_fcopy
                0x0000000000102b84                nk_infile_print
 .text          0x0000000000102b96      0x42e obj/libnklabs/nkmcuflash.o
 .text          0x0000000000102fc4       0xa4 obj/libnklabs/nkoutfile.o
                0x0000000000102fc4                nkoutfile_open
                0x0000000000102fd6                nk_fflush
                0x0000000000103010                nkoutfile_open_mem
                0x0000000000103028                _nk_flush_and_putc
 .text          0x0000000000103068      0xa18 obj/libnklabs/nkprintf.o
                0x0000000000103096                nk_findent
                0x00000000001030fa                nk_indent
                0x000000000010310c                nk_vprintf
                0x0000000000103836                nk_snprintf
                0x000000000010386e                nk_sfprintf
                0x00000000001038bc                nk_printf
                0x00000000001038e0                nk_fprintf
                0x00000000001038fc                nk_fbyte_hex_dump
                0x0000000000103a68                nk_byte_hex_dump
 .text          0x0000000000103a80      0x8cc obj/libnklabs/nkreadline.o
                0x0000000000103bc6                nk_set_echo
                0x0000000000103bd2                nk_get_echo
                0x0000000000103bd8                console_putchar
                0x0000000000103fcc                console_puts
                0x0000000000103fe2                prompt_task
                0x0000000000104304                nk_readline
 .text          0x000000000010434c      0xbee obj/libnklabs/nkscan.o
                0x000000000010434c                isspace
                0x0000000000104364                nk_fscan_ws
                0x00000000001043ae                nk_fscan_escape
                0x00000000001048c2                nk_fscan_word
                0x00000000001048d8                nk_fiscan_word
                0x00000000001048ee                nk_fscan_ident
                0x0000000000104904                nk_fiscan_ident
                0x000000000010491a                nk_fscan_hex
                0x0000000000104a84                nk_fscan_dec
                0x0000000000104ed6                nk_fscan_double
                0x0000000000104eda                nk_vscan
                0x0000000000104eee                nk_viscan
                0x0000000000104f02                nk_fscan
                0x0000000000104f1e                nk_fiscan
 .text          0x0000000000104f3a      0x510 obj/libnklabs/nksched.o
                0x0000000000104fb8                nk_get_tid
                0x0000000000104fc0                nk_alloc_tid
                0x0000000000104fce                _nk_sched
                0x00000000001051ea                nk_resched
                0x00000000001052ae                nk_unsched
                0x00000000001052fe                nk_check
                0x000000000010534c                nk_init_sched
                0x0000000000105394                nk_get_sched_sleep_mode
                0x000000000010539c                nk_set_sched_sleep_mode
                0x00000000001053aa                nk_sched_loop
 .text          0x000000000010544a     0x2bd2 obj/libnklabs/nkserialize.o
                0x0000000000105b64                nk_dbase_fprint
                0x00000000001061f6                nk_dbase_serialize
                0x00000000001066e6                nk_fscan_keyval
                0x0000000000107e36                nk_xpath
 .text          0x000000000010801c       0xfc obj/libnklabs/nkstring.o
                0x000000000010801c                nk_tolower
                0x0000000000108034                nk_tolowers
                0x0000000000108058                nk_stricmp
                0x00000000001080be                nk_memicmp
 .text          0x0000000000108118      0xcec obj/libnklabs/nkymodem.o
                0x00000000001084aa                nk_ysend_file
                0x000000000010857c                nk_ysend_buffer
                0x00000000001085ba                ymodem_recv_init
                0x00000000001085fe                ymodem_rcv
                0x0000000000108acc                process_full_outer
                0x0000000000108bac                ymodem_recv_task
                0x0000000000108ce2                nk_yrecv
                0x0000000000108d82                debug_rcv_status
 .text          0x0000000000108e04        0x0 obj/version.o
 .text          0x0000000000108e04      0x35e /opt/riscv32imc/bin/../lib/gcc/riscv32-unknown-elf/8.2.0/libgcc.a(_udivdi3.o)
                0x0000000000108e04                __udivdi3
 .text          0x0000000000109162      0x352 /opt/riscv32imc/bin/../lib/gcc/riscv32-unknown-elf/8.2.0/libgcc.a(_umoddi3.o)
                0x0000000000109162                __umoddi3
 .text          0x00000000001094b4       0x64 /opt/riscv32imc/bin/../lib/gcc/riscv32-unknown-elf/8.2.0/libgcc.a(fixdfsi.o)
                0x00000000001094b4                __fixdfsi
 .text          0x0000000000109518       0x5c /opt/riscv32imc/bin/../lib/gcc/riscv32-unknown-elf/8.2.0/libgcc.a(fixunsdfsi.o)
                0x0000000000109518                __fixunsdfsi
 .text          0x0000000000109574      0x180 /opt/riscv32imc/bin/../lib/gcc/riscv32-unknown-elf/8.2.0/libgcc.a(floatdidf.o)
                0x0000000000109574                __floatdidf
 .text          0x00000000001096f4      0x14e /opt/riscv32imc/bin/../lib/gcc/riscv32-unknown-elf/8.2.0/libgcc.a(floatundidf.o)
                0x00000000001096f4                __floatundidf
 .text          0x0000000000109842      0x108 /opt/riscv32imc/bin/../lib/gcc/riscv32-unknown-elf/8.2.0/libgcc.a(floatdisf.o)
                0x0000000000109842                __floatdisf
 .text          0x000000000010994a       0xda /opt/riscv32imc/bin/../lib/gcc/riscv32-unknown-elf/8.2.0/libgcc.a(floatundisf.o)
                0x000000000010994a                __floatundisf
 .text          0x0000000000109a24       0x98 /opt/riscv32imc/bin/../lib/gcc/riscv32-unknown-elf/8.2.0/libgcc.a(extendsfdf2.o)
                0x0000000000109a24                __extendsfdf2
 .text          0x0000000000109abc      0x122 /opt/riscv32imc/bin/../lib/gcc/riscv32-unknown-elf/8.2.0/libgcc.a(truncdfsf2.o)
                0x0000000000109abc                __truncdfsf2
 .text          0x0000000000109bde       0x2a /opt/riscv32imc/bin/../lib/gcc/riscv32-unknown-elf/8.2.0/libgcc.a(_lshrdi3.o)
                0x0000000000109bde                __lshrdi3
 .text          0x0000000000109c08       0x2a /opt/riscv32imc/bin/../lib/gcc/riscv32-unknown-elf/8.2.0/libgcc.a(_ashldi3.o)
                0x0000000000109c08                __ashldi3
 .text          0x0000000000109c32        0x0 /opt/riscv32imc/bin/../lib/gcc/riscv32-unknown-elf/8.2.0/libgcc.a(_clz.o)
 .text          0x0000000000109c32       0x3c /opt/riscv32imc/bin/../lib/gcc/riscv32-unknown-elf/8.2.0/libgcc.a(_clzsi2.o)
                0x0000000000109c32                __clzsi2
 *(.text*)
 *(.rodata)
 *fill*         0x0000000000109c6e        0x2 
 .rodata        0x0000000000109c70       0x60 obj/nkymodem_cmd.o
                0x0000000000109c70                ymodem_file_fpga
                0x0000000000109c90                ymodem_file_fw0
                0x0000000000109cb0                ymodem_file_fw1
 .rodata        0x0000000000109cd0       0x54 obj/tunnel_fpga.o
                0x0000000000109cd0                fpga_regtable
 .rodata        0x0000000000109d24       0xd8 obj/database.o
                0x0000000000109d24                cal_defaults
                0x0000000000109d30                cal_dbase
                0x0000000000109d80                tyCAL
                0x0000000000109d94                cal_members
                0x0000000000109dd4                tyMACADDR
                0x0000000000109de8                tyIPADDR
 .rodata        0x0000000000109dfc      0x800 obj/libnklabs/nkcrclib.o
 .rodata        0x000000000010a5fc      0x100 obj/libnklabs/nkprintf.o
 .rodata        0x000000000010a6fc      0x208 obj/libnklabs/nkscan.o
 .rodata        0x000000000010a904      0x23c obj/libnklabs/nkserialize.o
                0x000000000010aa8c                tyFLOAT
                0x000000000010aaa0                tyDOUBLE
                0x000000000010aab4                tyBOOL
                0x000000000010aac8                tyUINT16
                0x000000000010aadc                tyINT16
                0x000000000010aaf0                tyUINT8
                0x000000000010ab04                tyINT8
                0x000000000010ab18                tyUINT
                0x000000000010ab2c                tyINT
 .rodata        0x000000000010ab40        0xb obj/libnklabs/nkymodem.o
 *fill*         0x000000000010ab4b        0x1 
 .rodata        0x000000000010ab4c      0x100 /opt/riscv32imc/bin/../lib/gcc/riscv32-unknown-elf/8.2.0/libgcc.a(_clz.o)
                0x000000000010ab4c                __clz_tab
 *(.rodata*)
 .rodata.str1.4
                0x000000000010ac4c        0xb obj/main.o
 *fill*         0x000000000010ac57        0x1 
 .rodata.str1.4
                0x000000000010ac58      0x318 obj/fpga.o
                                        0x31c (size before relaxing)
 .rodata.str1.4
                0x000000000010af70       0x1b obj/nkarch_riscv.o
 *fill*         0x000000000010af8b        0x1 
 .rodata.str1.4
                0x000000000010af8c       0x4c obj/nkuart_riscv.o
 .rodata.str1.4
                0x000000000010afd8      0x145 obj/nkymodem_cmd.o
                                        0x159 (size before relaxing)
 *fill*         0x000000000010b11d        0x3 
 .rodata.str1.4
                0x000000000010b120      0x56f obj/tunnel_fpga.o
                                        0x58f (size before relaxing)
 *fill*         0x000000000010b68f        0x1 
 .rodata.str1.4
                0x000000000010b690      0x309 obj/database.o
                                        0x325 (size before relaxing)
 *fill*         0x000000000010b999        0x3 
 .rodata.str1.4
                0x000000000010b99c      0x293 obj/basic_cmds.o
                                        0x2af (size before relaxing)
 *fill*         0x000000000010bc2f        0x1 
 .rodata.str1.4
                0x000000000010bc30      0x1f1 obj/info_cmd.o
                                        0x205 (size before relaxing)
 *fill*         0x000000000010be21        0x3 
 .rodata.str1.4
                0x000000000010be24      0x1c7 obj/libnklabs/nkcli.o
                                        0x1e7 (size before relaxing)
 *fill*         0x000000000010bfeb        0x1 
 .rodata.str1.4
                0x000000000010bfec      0x103 obj/libnklabs/nkdbase.o
                                        0x10b (size before relaxing)
 *fill*         0x000000000010c0ef        0x1 
 .rodata.str1.4
                0x000000000010c0f0      0x2d7 obj/libnklabs/nkmcuflash.o
                                        0x30b (size before relaxing)
 *fill*         0x000000000010c3c7        0x1 
 .rodata.str1.4
                0x000000000010c3c8       0x1c obj/libnklabs/nkprintf.o
                                         0x28 (size before relaxing)
 .rodata.str1.4
                0x000000000010c3e4        0x4 obj/libnklabs/nkreadline.o
                                          0x6 (size before relaxing)
 .rodata.str1.4
                0x000000000010c3e8      0x257 obj/libnklabs/nksched.o
                                        0x273 (size before relaxing)
 *fill*         0x000000000010c63f        0x1 
 .rodata.str1.4
                0x000000000010c640      0x328 obj/libnklabs/nkserialize.o
                                        0x334 (size before relaxing)
 .rodata.str1.4
                0x000000000010c968      0x234 obj/libnklabs/nkymodem.o
                                        0x237 (size before relaxing)
 *(.srodata)
 .srodata       0x000000000010cb9c       0x12 obj/version.o
                0x000000000010cb9c                git_hash
                0x000000000010cba3                build_minute
                0x000000000010cba4                build_hour
                0x000000000010cba5                build_day
                0x000000000010cba6                build_month
                0x000000000010cba8                build_year
                0x000000000010cbaa                firmware_minor
                0x000000000010cbac                firmware_major
 *(.srodata*)
 *(.eh_frame)
 *fill*         0x000000000010cbae        0x2 
 .eh_frame      0x000000000010cbb0       0x28 /opt/riscv32imc/bin/../lib/gcc/riscv32-unknown-elf/8.2.0/libgcc.a(_udivdi3.o)
 .eh_frame      0x000000000010cbd8       0x28 /opt/riscv32imc/bin/../lib/gcc/riscv32-unknown-elf/8.2.0/libgcc.a(_umoddi3.o)
                0x000000000010cc00                . = ALIGN (0x4)
                0x000000000010cc00                _etext = .
                0x000000000010cc00                _sidata = _etext

.rela.dyn       0x000000000010cc00        0x0
 .rela.text     0x000000000010cc00        0x0 obj/start.o
 .rela.rodata   0x000000000010cc00        0x0 obj/start.o

.data           0x0000000000000100       0xc4 load address 0x000000000010cc00
                0x0000000000000100                . = ALIGN (0x4)
                0x0000000000000100                _sdata = .
                0x0000000000000100                _ram_start = .
                0x0000000000000100                . = ALIGN (0x4)
 *(.data)
 .data          0x0000000000000100        0x0 obj/start.o
 .data          0x0000000000000100        0x0 obj/main.o
 .data          0x0000000000000100        0x0 obj/fpga.o
 .data          0x0000000000000100        0x0 obj/nkarch_riscv.o
 .data          0x0000000000000100        0x0 obj/nkuart_riscv.o
 .data          0x0000000000000100        0x0 obj/nkymodem_cmd.o
 .data          0x0000000000000100        0x0 obj/tunnel_fpga.o
 .data          0x0000000000000100        0x0 obj/database.o
 .data          0x0000000000000100        0x0 obj/basic_cmds.o
 .data          0x0000000000000100        0x0 obj/info_cmd.o
 .data          0x0000000000000100        0x0 obj/libnklabs/nkchecked.o
 .data          0x0000000000000100        0x0 obj/libnklabs/nkdirect.o
 .data          0x0000000000000100        0x0 obj/libnklabs/nkcli.o
 .data          0x0000000000000100        0x0 obj/libnklabs/nkcrclib.o
 .data          0x0000000000000100        0x0 obj/libnklabs/nkdbase.o
 .data          0x0000000000000100        0x0 obj/libnklabs/nkinfile.o
 .data          0x0000000000000100        0x0 obj/libnklabs/nkmcuflash.o
 .data          0x0000000000000100        0x0 obj/libnklabs/nkoutfile.o
 .data          0x0000000000000100       0x38 obj/libnklabs/nkprintf.o
 .data          0x0000000000000138        0x0 obj/libnklabs/nkreadline.o
 .data          0x0000000000000138        0x0 obj/libnklabs/nkscan.o
 .data          0x0000000000000138        0x0 obj/libnklabs/nksched.o
 .data          0x0000000000000138        0x0 obj/libnklabs/nkserialize.o
 .data          0x0000000000000138        0x0 obj/libnklabs/nkstring.o
 .data          0x0000000000000138        0x9 obj/libnklabs/nkymodem.o
                0x0000000000000138                TIMEOUT
 .data          0x0000000000000141        0x0 obj/version.o
 .data          0x0000000000000141        0x0 /opt/riscv32imc/bin/../lib/gcc/riscv32-unknown-elf/8.2.0/libgcc.a(_udivdi3.o)
 .data          0x0000000000000141        0x0 /opt/riscv32imc/bin/../lib/gcc/riscv32-unknown-elf/8.2.0/libgcc.a(_umoddi3.o)
 .data          0x0000000000000141        0x0 /opt/riscv32imc/bin/../lib/gcc/riscv32-unknown-elf/8.2.0/libgcc.a(fixdfsi.o)
 .data          0x0000000000000141        0x0 /opt/riscv32imc/bin/../lib/gcc/riscv32-unknown-elf/8.2.0/libgcc.a(fixunsdfsi.o)
 .data          0x0000000000000141        0x0 /opt/riscv32imc/bin/../lib/gcc/riscv32-unknown-elf/8.2.0/libgcc.a(floatdidf.o)
 .data          0x0000000000000141        0x0 /opt/riscv32imc/bin/../lib/gcc/riscv32-unknown-elf/8.2.0/libgcc.a(floatundidf.o)
 .data          0x0000000000000141        0x0 /opt/riscv32imc/bin/../lib/gcc/riscv32-unknown-elf/8.2.0/libgcc.a(floatdisf.o)
 .data          0x0000000000000141        0x0 /opt/riscv32imc/bin/../lib/gcc/riscv32-unknown-elf/8.2.0/libgcc.a(floatundisf.o)
 .data          0x0000000000000141        0x0 /opt/riscv32imc/bin/../lib/gcc/riscv32-unknown-elf/8.2.0/libgcc.a(extendsfdf2.o)
 .data          0x0000000000000141        0x0 /opt/riscv32imc/bin/../lib/gcc/riscv32-unknown-elf/8.2.0/libgcc.a(truncdfsf2.o)
 .data          0x0000000000000141        0x0 /opt/riscv32imc/bin/../lib/gcc/riscv32-unknown-elf/8.2.0/libgcc.a(_lshrdi3.o)
 .data          0x0000000000000141        0x0 /opt/riscv32imc/bin/../lib/gcc/riscv32-unknown-elf/8.2.0/libgcc.a(_ashldi3.o)
 .data          0x0000000000000141        0x0 /opt/riscv32imc/bin/../lib/gcc/riscv32-unknown-elf/8.2.0/libgcc.a(_clz.o)
 .data          0x0000000000000141        0x0 /opt/riscv32imc/bin/../lib/gcc/riscv32-unknown-elf/8.2.0/libgcc.a(_clzsi2.o)
 *(.data*)
 *(.sdata)
 *fill*         0x0000000000000141        0x3 
 .sdata         0x0000000000000144        0x4 obj/libnklabs/nkcli.o
                0x0000000000000144                facmode
 .sdata         0x0000000000000148        0x4 obj/libnklabs/nkinfile.o
                0x0000000000000148                nkinfile_null
 .sdata         0x000000000000014c        0xc obj/libnklabs/nkprintf.o
                0x000000000000014c                nkstdnull
                0x0000000000000150                nkstderr
                0x0000000000000154                nkstdout
 .sdata         0x0000000000000158        0x1 obj/libnklabs/nkreadline.o
 *(.sdata*)
                0x000000000000015c                . = ALIGN (0x4)
 *fill*         0x0000000000000159        0x3 
                0x000000000000015c                __start_COMMAND_TABLE = .
 *(.COMMAND_TABLE)
 .COMMAND_TABLE
                0x000000000000015c       0x10 obj/fpga.o
 .COMMAND_TABLE
                0x000000000000016c        0x8 obj/nkymodem_cmd.o
 .COMMAND_TABLE
                0x0000000000000174        0x8 obj/tunnel_fpga.o
 .COMMAND_TABLE
                0x000000000000017c        0x8 obj/database.o
 .COMMAND_TABLE
                0x0000000000000184       0x18 obj/basic_cmds.o
 .COMMAND_TABLE
                0x000000000000019c        0x8 obj/info_cmd.o
 .COMMAND_TABLE
                0x00000000000001a4        0x8 obj/libnklabs/nkcli.o
 .COMMAND_TABLE
                0x00000000000001ac        0x8 obj/libnklabs/nkmcuflash.o
 .COMMAND_TABLE
                0x00000000000001b4       0x10 obj/libnklabs/nksched.o
                0x00000000000001c4                __stop_COMMAND_TABLE = .
                0x00000000000001c4                . = ALIGN (0x4)
                0x00000000000001c4                _edata = .

.bss            0x00000000000001c4     0x15e4 load address 0x000000000010ccc4
                0x00000000000001c4                . = ALIGN (0x4)
                0x00000000000001c4                _sbss = .
 *(.bss)
 .bss           0x00000000000001c4        0x0 obj/start.o
 .bss           0x00000000000001c4        0x0 obj/main.o
 .bss           0x00000000000001c4        0x0 obj/fpga.o
 .bss           0x00000000000001c4        0x0 obj/nkarch_riscv.o
 .bss           0x00000000000001c4      0x800 obj/nkuart_riscv.o
 .bss           0x00000000000009c4       0x80 obj/nkymodem_cmd.o
 .bss           0x0000000000000a44        0x0 obj/tunnel_fpga.o
 .bss           0x0000000000000a44        0x0 obj/database.o
 .bss           0x0000000000000a44        0x0 obj/basic_cmds.o
 .bss           0x0000000000000a44        0x0 obj/info_cmd.o
 .bss           0x0000000000000a44        0x0 obj/libnklabs/nkchecked.o
 .bss           0x0000000000000a44        0x0 obj/libnklabs/nkdirect.o
 .bss           0x0000000000000a44        0x0 obj/libnklabs/nkcli.o
 .bss           0x0000000000000a44        0x0 obj/libnklabs/nkcrclib.o
 .bss           0x0000000000000a44        0x0 obj/libnklabs/nkdbase.o
 .bss           0x0000000000000a44       0x28 obj/libnklabs/nkinfile.o
 .bss           0x0000000000000a6c        0x0 obj/libnklabs/nkmcuflash.o
 .bss           0x0000000000000a6c        0x0 obj/libnklabs/nkoutfile.o
 .bss           0x0000000000000a6c        0x0 obj/libnklabs/nkprintf.o
 .bss           0x0000000000000a6c      0x480 obj/libnklabs/nkreadline.o
 .bss           0x0000000000000eec        0x0 obj/libnklabs/nkscan.o
 .bss           0x0000000000000eec      0x2d0 obj/libnklabs/nksched.o
 .bss           0x00000000000011bc       0x50 obj/libnklabs/nkserialize.o
 .bss           0x000000000000120c        0x0 obj/libnklabs/nkstring.o
 .bss           0x000000000000120c      0x42d obj/libnklabs/nkymodem.o
 .bss           0x0000000000001639        0x0 obj/version.o
 .bss           0x0000000000001639        0x0 /opt/riscv32imc/bin/../lib/gcc/riscv32-unknown-elf/8.2.0/libgcc.a(_udivdi3.o)
 .bss           0x0000000000001639        0x0 /opt/riscv32imc/bin/../lib/gcc/riscv32-unknown-elf/8.2.0/libgcc.a(_umoddi3.o)
 .bss           0x0000000000001639        0x0 /opt/riscv32imc/bin/../lib/gcc/riscv32-unknown-elf/8.2.0/libgcc.a(fixdfsi.o)
 .bss           0x0000000000001639        0x0 /opt/riscv32imc/bin/../lib/gcc/riscv32-unknown-elf/8.2.0/libgcc.a(fixunsdfsi.o)
 .bss           0x0000000000001639        0x0 /opt/riscv32imc/bin/../lib/gcc/riscv32-unknown-elf/8.2.0/libgcc.a(floatdidf.o)
 .bss           0x0000000000001639        0x0 /opt/riscv32imc/bin/../lib/gcc/riscv32-unknown-elf/8.2.0/libgcc.a(floatundidf.o)
 .bss           0x0000000000001639        0x0 /opt/riscv32imc/bin/../lib/gcc/riscv32-unknown-elf/8.2.0/libgcc.a(floatdisf.o)
 .bss           0x0000000000001639        0x0 /opt/riscv32imc/bin/../lib/gcc/riscv32-unknown-elf/8.2.0/libgcc.a(floatundisf.o)
 .bss           0x0000000000001639        0x0 /opt/riscv32imc/bin/../lib/gcc/riscv32-unknown-elf/8.2.0/libgcc.a(extendsfdf2.o)
 .bss           0x0000000000001639        0x0 /opt/riscv32imc/bin/../lib/gcc/riscv32-unknown-elf/8.2.0/libgcc.a(truncdfsf2.o)
 .bss           0x0000000000001639        0x0 /opt/riscv32imc/bin/../lib/gcc/riscv32-unknown-elf/8.2.0/libgcc.a(_lshrdi3.o)
 .bss           0x0000000000001639        0x0 /opt/riscv32imc/bin/../lib/gcc/riscv32-unknown-elf/8.2.0/libgcc.a(_ashldi3.o)
 .bss           0x0000000000001639        0x0 /opt/riscv32imc/bin/../lib/gcc/riscv32-unknown-elf/8.2.0/libgcc.a(_clz.o)
 .bss           0x0000000000001639        0x0 /opt/riscv32imc/bin/../lib/gcc/riscv32-unknown-elf/8.2.0/libgcc.a(_clzsi2.o)
 *(.bss*)
 *(.sbss)
 *fill*         0x0000000000001639        0x3 
 .sbss          0x000000000000163c        0x8 obj/nkarch_riscv.o
 .sbss          0x0000000000001644       0x10 obj/nkuart_riscv.o
                0x0000000000001644                console_lock
 .sbss          0x0000000000001654        0x8 obj/nkymodem_cmd.o
 .sbss          0x000000000000165c        0x4 obj/libnklabs/nkcli.o
                0x000000000000165c                cli_disabled
 .sbss          0x0000000000001660        0x4 obj/libnklabs/nkmcuflash.o
 .sbss          0x0000000000001664       0x18 obj/libnklabs/nkreadline.o
 .sbss          0x000000000000167c       0x14 obj/libnklabs/nksched.o
                0x000000000000168c                sched_lock
 .sbss          0x0000000000001690       0x50 obj/libnklabs/nkymodem.o
 *(.sbss*)
 *(COMMON)
 COMMON         0x00000000000016e0        0xc obj/nkuart_riscv.o
                0x00000000000016e0                waiting_rx_task
                0x00000000000016e4                waiting_rx_task_data
                0x00000000000016e8                waiting_rx_tid
 COMMON         0x00000000000016ec        0xc obj/nkymodem_cmd.o
                0x00000000000016ec                ymodem_file
 COMMON         0x00000000000016f8        0x1 obj/tunnel_fpga.o
                0x00000000000016f8                tag
 *fill*         0x00000000000016f9        0x3 
 COMMON         0x00000000000016fc       0x8d obj/database.o
                0x00000000000016fc                xfer_buf
                0x000000000000177c                cal
                0x0000000000001788                cal_rev
 *fill*         0x0000000000001789        0x3 
 COMMON         0x000000000000178c        0x4 obj/libnklabs/nkcli.o
                0x000000000000178c                nk_cli_tid
 COMMON         0x0000000000001790        0xc obj/libnklabs/nkreadline.o
                0x0000000000001790                console_tid
                0x0000000000001794                console_prompt
                0x0000000000001798                console_callback
 COMMON         0x000000000000179c        0x4 obj/libnklabs/nksched.o
                0x000000000000179c                test_tid
 COMMON         0x00000000000017a0        0x8 obj/libnklabs/nkymodem.o
                0x00000000000017a0                timeout_tid
                0x00000000000017a4                max_len
                0x00000000000017a8                . = ALIGN (0x4)
                0x00000000000017a8                _ebss = .

.heap           0x00000000000017a8        0x0
                0x00000000000017a8                . = ALIGN (0x4)
                0x00000000000017a8                _heap_start = .
LOAD obj/start.o
LOAD obj/main.o
LOAD obj/fpga.o
LOAD obj/nkarch_riscv.o
LOAD obj/nkuart_riscv.o
LOAD obj/nkymodem_cmd.o
LOAD obj/tunnel_fpga.o
LOAD obj/database.o
LOAD obj/basic_cmds.o
LOAD obj/info_cmd.o
LOAD obj/libnklabs/nkchecked.o
LOAD obj/libnklabs/nkdirect.o
LOAD obj/libnklabs/nkcli.o
LOAD obj/libnklabs/nkcrclib.o
LOAD obj/libnklabs/nkdbase.o
LOAD obj/libnklabs/nkinfile.o
LOAD obj/libnklabs/nkmcuflash.o
LOAD obj/libnklabs/nkoutfile.o
LOAD obj/libnklabs/nkprintf.o
LOAD obj/libnklabs/nkreadline.o
LOAD obj/libnklabs/nkscan.o
LOAD obj/libnklabs/nksched.o
LOAD obj/libnklabs/nkserialize.o
LOAD obj/libnklabs/nkstring.o
LOAD obj/libnklabs/nkymodem.o
LOAD obj/version.o
LOAD /opt/riscv32imc/bin/../lib/gcc/riscv32-unknown-elf/8.2.0/libgcc.a
OUTPUT(ulx3s.elf elf32-littleriscv)

.comment        0x0000000000000000       0x11
 .comment       0x0000000000000000       0x11 obj/main.o
                                         0x12 (size before relaxing)
 .comment       0x0000000000000011       0x12 obj/fpga.o
 .comment       0x0000000000000011       0x12 obj/nkarch_riscv.o
 .comment       0x0000000000000011       0x12 obj/nkuart_riscv.o
 .comment       0x0000000000000011       0x12 obj/nkymodem_cmd.o
 .comment       0x0000000000000011       0x12 obj/tunnel_fpga.o
 .comment       0x0000000000000011       0x12 obj/database.o
 .comment       0x0000000000000011       0x12 obj/basic_cmds.o
 .comment       0x0000000000000011       0x12 obj/info_cmd.o
 .comment       0x0000000000000011       0x12 obj/libnklabs/nkchecked.o
 .comment       0x0000000000000011       0x12 obj/libnklabs/nkdirect.o
 .comment       0x0000000000000011       0x12 obj/libnklabs/nkcli.o
 .comment       0x0000000000000011       0x12 obj/libnklabs/nkcrclib.o
 .comment       0x0000000000000011       0x12 obj/libnklabs/nkdbase.o
 .comment       0x0000000000000011       0x12 obj/libnklabs/nkinfile.o
 .comment       0x0000000000000011       0x12 obj/libnklabs/nkmcuflash.o
 .comment       0x0000000000000011       0x12 obj/libnklabs/nkoutfile.o
 .comment       0x0000000000000011       0x12 obj/libnklabs/nkprintf.o
 .comment       0x0000000000000011       0x12 obj/libnklabs/nkreadline.o
 .comment       0x0000000000000011       0x12 obj/libnklabs/nkscan.o
 .comment       0x0000000000000011       0x12 obj/libnklabs/nksched.o
 .comment       0x0000000000000011       0x12 obj/libnklabs/nkserialize.o
 .comment       0x0000000000000011       0x12 obj/libnklabs/nkstring.o
 .comment       0x0000000000000011       0x12 obj/libnklabs/nkymodem.o
 .comment       0x0000000000000011       0x12 obj/version.o
 .comment       0x0000000000000011       0x12 /opt/riscv32imc/bin/../lib/gcc/riscv32-unknown-elf/8.2.0/libgcc.a(_udivdi3.o)
 .comment       0x0000000000000011       0x12 /opt/riscv32imc/bin/../lib/gcc/riscv32-unknown-elf/8.2.0/libgcc.a(_umoddi3.o)
 .comment       0x0000000000000011       0x12 /opt/riscv32imc/bin/../lib/gcc/riscv32-unknown-elf/8.2.0/libgcc.a(fixdfsi.o)
 .comment       0x0000000000000011       0x12 /opt/riscv32imc/bin/../lib/gcc/riscv32-unknown-elf/8.2.0/libgcc.a(fixunsdfsi.o)
 .comment       0x0000000000000011       0x12 /opt/riscv32imc/bin/../lib/gcc/riscv32-unknown-elf/8.2.0/libgcc.a(floatdidf.o)
 .comment       0x0000000000000011       0x12 /opt/riscv32imc/bin/../lib/gcc/riscv32-unknown-elf/8.2.0/libgcc.a(floatundidf.o)
 .comment       0x0000000000000011       0x12 /opt/riscv32imc/bin/../lib/gcc/riscv32-unknown-elf/8.2.0/libgcc.a(floatdisf.o)
 .comment       0x0000000000000011       0x12 /opt/riscv32imc/bin/../lib/gcc/riscv32-unknown-elf/8.2.0/libgcc.a(floatundisf.o)
 .comment       0x0000000000000011       0x12 /opt/riscv32imc/bin/../lib/gcc/riscv32-unknown-elf/8.2.0/libgcc.a(extendsfdf2.o)
 .comment       0x0000000000000011       0x12 /opt/riscv32imc/bin/../lib/gcc/riscv32-unknown-elf/8.2.0/libgcc.a(truncdfsf2.o)
 .comment       0x0000000000000011       0x12 /opt/riscv32imc/bin/../lib/gcc/riscv32-unknown-elf/8.2.0/libgcc.a(_lshrdi3.o)
 .comment       0x0000000000000011       0x12 /opt/riscv32imc/bin/../lib/gcc/riscv32-unknown-elf/8.2.0/libgcc.a(_ashldi3.o)
 .comment       0x0000000000000011       0x12 /opt/riscv32imc/bin/../lib/gcc/riscv32-unknown-elf/8.2.0/libgcc.a(_clz.o)
 .comment       0x0000000000000011       0x12 /opt/riscv32imc/bin/../lib/gcc/riscv32-unknown-elf/8.2.0/libgcc.a(_clzsi2.o)

Cross Reference Table

Symbol                                            File
TIMEOUT                                           obj/libnklabs/nkymodem.o
__ashldi3                                         /opt/riscv32imc/bin/../lib/gcc/riscv32-unknown-elf/8.2.0/libgcc.a(_ashldi3.o)
                                                  /opt/riscv32imc/bin/../lib/gcc/riscv32-unknown-elf/8.2.0/libgcc.a(floatundisf.o)
                                                  /opt/riscv32imc/bin/../lib/gcc/riscv32-unknown-elf/8.2.0/libgcc.a(floatdisf.o)
                                                  /opt/riscv32imc/bin/../lib/gcc/riscv32-unknown-elf/8.2.0/libgcc.a(floatundidf.o)
                                                  /opt/riscv32imc/bin/../lib/gcc/riscv32-unknown-elf/8.2.0/libgcc.a(floatdidf.o)
__clz_tab                                         /opt/riscv32imc/bin/../lib/gcc/riscv32-unknown-elf/8.2.0/libgcc.a(_clz.o)
                                                  /opt/riscv32imc/bin/../lib/gcc/riscv32-unknown-elf/8.2.0/libgcc.a(_clzsi2.o)
                                                  /opt/riscv32imc/bin/../lib/gcc/riscv32-unknown-elf/8.2.0/libgcc.a(_umoddi3.o)
                                                  /opt/riscv32imc/bin/../lib/gcc/riscv32-unknown-elf/8.2.0/libgcc.a(_udivdi3.o)
__clzsi2                                          /opt/riscv32imc/bin/../lib/gcc/riscv32-unknown-elf/8.2.0/libgcc.a(_clzsi2.o)
                                                  /opt/riscv32imc/bin/../lib/gcc/riscv32-unknown-elf/8.2.0/libgcc.a(extendsfdf2.o)
                                                  /opt/riscv32imc/bin/../lib/gcc/riscv32-unknown-elf/8.2.0/libgcc.a(floatundisf.o)
                                                  /opt/riscv32imc/bin/../lib/gcc/riscv32-unknown-elf/8.2.0/libgcc.a(floatdisf.o)
                                                  /opt/riscv32imc/bin/../lib/gcc/riscv32-unknown-elf/8.2.0/libgcc.a(floatundidf.o)
                                                  /opt/riscv32imc/bin/../lib/gcc/riscv32-unknown-elf/8.2.0/libgcc.a(floatdidf.o)
__extendsfdf2                                     /opt/riscv32imc/bin/../lib/gcc/riscv32-unknown-elf/8.2.0/libgcc.a(extendsfdf2.o)
                                                  obj/libnklabs/nkserialize.o
__fixdfsi                                         /opt/riscv32imc/bin/../lib/gcc/riscv32-unknown-elf/8.2.0/libgcc.a(fixdfsi.o)
                                                  obj/libnklabs/nkserialize.o
__fixunsdfsi                                      /opt/riscv32imc/bin/../lib/gcc/riscv32-unknown-elf/8.2.0/libgcc.a(fixunsdfsi.o)
                                                  obj/libnklabs/nkserialize.o
__floatdidf                                       /opt/riscv32imc/bin/../lib/gcc/riscv32-unknown-elf/8.2.0/libgcc.a(floatdidf.o)
                                                  obj/libnklabs/nkserialize.o
__floatdisf                                       /opt/riscv32imc/bin/../lib/gcc/riscv32-unknown-elf/8.2.0/libgcc.a(floatdisf.o)
                                                  obj/libnklabs/nkserialize.o
__floatundidf                                     /opt/riscv32imc/bin/../lib/gcc/riscv32-unknown-elf/8.2.0/libgcc.a(floatundidf.o)
                                                  obj/libnklabs/nkserialize.o
__floatundisf                                     /opt/riscv32imc/bin/../lib/gcc/riscv32-unknown-elf/8.2.0/libgcc.a(floatundisf.o)
                                                  obj/libnklabs/nkserialize.o
__lshrdi3                                         /opt/riscv32imc/bin/../lib/gcc/riscv32-unknown-elf/8.2.0/libgcc.a(_lshrdi3.o)
                                                  /opt/riscv32imc/bin/../lib/gcc/riscv32-unknown-elf/8.2.0/libgcc.a(floatundisf.o)
                                                  /opt/riscv32imc/bin/../lib/gcc/riscv32-unknown-elf/8.2.0/libgcc.a(floatdisf.o)
                                                  /opt/riscv32imc/bin/../lib/gcc/riscv32-unknown-elf/8.2.0/libgcc.a(floatundidf.o)
                                                  /opt/riscv32imc/bin/../lib/gcc/riscv32-unknown-elf/8.2.0/libgcc.a(floatdidf.o)
__start_COMMAND_TABLE                             obj/libnklabs/nkcli.o
__stop_COMMAND_TABLE                              obj/libnklabs/nkcli.o
__truncdfsf2                                      /opt/riscv32imc/bin/../lib/gcc/riscv32-unknown-elf/8.2.0/libgcc.a(truncdfsf2.o)
                                                  obj/libnklabs/nkserialize.o
__udivdi3                                         /opt/riscv32imc/bin/../lib/gcc/riscv32-unknown-elf/8.2.0/libgcc.a(_udivdi3.o)
                                                  obj/libnklabs/nkprintf.o
__umoddi3                                         /opt/riscv32imc/bin/../lib/gcc/riscv32-unknown-elf/8.2.0/libgcc.a(_umoddi3.o)
                                                  obj/libnklabs/nkprintf.o
_ebss                                             obj/info_cmd.o
                                                  obj/start.o
_edata                                            obj/info_cmd.o
                                                  obj/start.o
_etext                                            obj/info_cmd.o
_nk_flush_and_putc                                obj/libnklabs/nkoutfile.o
                                                  obj/libnklabs/nkserialize.o
                                                  obj/libnklabs/nkprintf.o
                                                  obj/libnklabs/nkinfile.o
                                                  obj/libnklabs/nkdbase.o
_nk_sched                                         obj/libnklabs/nksched.o
                                                  obj/libnklabs/nkymodem.o
                                                  obj/libnklabs/nkcli.o
                                                  obj/nkuart_riscv.o
_sbss                                             obj/info_cmd.o
                                                  obj/start.o
_sdata                                            obj/info_cmd.o
                                                  obj/start.o
_sidata                                           obj/start.o
atoi                                              obj/nkarch_riscv.o
                                                  obj/libnklabs/nkymodem.o
                                                  obj/nkymodem_cmd.o
build_day                                         obj/version.o
                                                  obj/info_cmd.o
build_hour                                        obj/version.o
                                                  obj/info_cmd.o
build_minute                                      obj/version.o
                                                  obj/info_cmd.o
build_month                                       obj/version.o
                                                  obj/info_cmd.o
build_year                                        obj/version.o
                                                  obj/info_cmd.o
cal                                               obj/database.o
cal_dbase                                         obj/database.o
cal_defaults                                      obj/database.o
cal_members                                       obj/database.o
cal_rev                                           obj/database.o
cli_disabled                                      obj/libnklabs/nkcli.o
cmd_compare                                       obj/libnklabs/nkcli.o
console_callback                                  obj/libnklabs/nkreadline.o
console_lock                                      obj/nkuart_riscv.o
console_prompt                                    obj/libnklabs/nkreadline.o
console_putchar                                   obj/libnklabs/nkreadline.o
console_puts                                      obj/libnklabs/nkreadline.o
console_tid                                       obj/libnklabs/nkreadline.o
database_init                                     obj/database.o
                                                  obj/main.o
debug_rcv_status                                  obj/libnklabs/nkymodem.o
                                                  obj/nkymodem_cmd.o
facmode                                           obj/libnklabs/nkcli.o
                                                  obj/libnklabs/nkmcuflash.o
                                                  obj/basic_cmds.o
                                                  obj/fpga.o
firmware_major                                    obj/version.o
                                                  obj/info_cmd.o
firmware_minor                                    obj/version.o
                                                  obj/info_cmd.o
flashio_worker_begin                              obj/start.o
                                                  obj/nkarch_riscv.o
flashio_worker_end                                obj/start.o
                                                  obj/nkarch_riscv.o
fpga_rd                                           obj/fpga.o
                                                  obj/tunnel_fpga.o
fpga_regtable                                     obj/tunnel_fpga.o
                                                  obj/fpga.o
fpga_wr                                           obj/fpga.o
                                                  obj/tunnel_fpga.o
git_hash                                          obj/version.o
                                                  obj/info_cmd.o
irq                                               obj/main.o
                                                  obj/start.o
isspace                                           obj/libnklabs/nkscan.o
isxdigit                                          obj/nkarch_riscv.o
main                                              obj/main.o
                                                  obj/start.o
max_len                                           obj/libnklabs/nkymodem.o
memcmp                                            obj/nkarch_riscv.o
memcpy                                            obj/nkarch_riscv.o
                                                  obj/libnklabs/nkreadline.o
memmove                                           obj/nkarch_riscv.o
                                                  obj/libnklabs/nkreadline.o
memset                                            obj/nkarch_riscv.o
                                                  obj/libnklabs/nkymodem.o
                                                  obj/libnklabs/nkcli.o
nk_alloc_tid                                      obj/libnklabs/nksched.o
                                                  obj/libnklabs/nkymodem.o
                                                  obj/libnklabs/nkcli.o
nk_byte_hex_dump                                  obj/libnklabs/nkprintf.o
                                                  obj/libnklabs/nkymodem.o
                                                  obj/libnklabs/nkmcuflash.o
                                                  obj/basic_cmds.o
                                                  obj/fpga.o
nk_check                                          obj/libnklabs/nksched.o
nk_checked_read                                   obj/libnklabs/nkchecked.o
                                                  obj/libnklabs/nkdbase.o
nk_checked_read_open                              obj/libnklabs/nkchecked.o
                                                  obj/libnklabs/nkdbase.o
nk_checked_write                                  obj/libnklabs/nkchecked.o
                                                  obj/libnklabs/nkdbase.o
nk_checked_write_close                            obj/libnklabs/nkchecked.o
                                                  obj/libnklabs/nkdbase.o
nk_checked_write_open                             obj/libnklabs/nkchecked.o
                                                  obj/libnklabs/nkdbase.o
nk_cli_disable                                    obj/libnklabs/nkcli.o
                                                  obj/libnklabs/nkymodem.o
nk_cli_enable                                     obj/libnklabs/nkcli.o
                                                  obj/libnklabs/nkymodem.o
nk_cli_tid                                        obj/libnklabs/nkcli.o
                                                  obj/libnklabs/nkymodem.o
nk_complete                                       obj/libnklabs/nkcli.o
                                                  obj/libnklabs/nkreadline.o
nk_convert_delay                                  obj/nkarch_riscv.o
                                                  obj/libnklabs/nksched.o
nk_crc16be_check                                  obj/libnklabs/nkcrclib.o
                                                  obj/libnklabs/nkymodem.o
nk_crc16be_update                                 obj/libnklabs/nkcrclib.o
nk_crc16le_check                                  obj/libnklabs/nkcrclib.o
nk_crc16le_update                                 obj/libnklabs/nkcrclib.o
nk_crc32be_check                                  obj/libnklabs/nkcrclib.o
nk_crc32be_update                                 obj/libnklabs/nkcrclib.o
                                                  obj/libnklabs/nkmcuflash.o
                                                  obj/libnklabs/nkdirect.o
                                                  obj/libnklabs/nkchecked.o
nk_crc32le_check                                  obj/libnklabs/nkcrclib.o
nk_crc32le_update                                 obj/libnklabs/nkcrclib.o
nk_crc8                                           obj/libnklabs/nkcrclib.o
nk_dbase_fprint                                   obj/libnklabs/nkserialize.o
                                                  obj/database.o
nk_dbase_load                                     obj/libnklabs/nkdbase.o
                                                  obj/database.o
nk_dbase_save                                     obj/libnklabs/nkdbase.o
                                                  obj/database.o
nk_dbase_serialize                                obj/libnklabs/nkserialize.o
                                                  obj/libnklabs/nkdbase.o
nk_direct_read                                    obj/libnklabs/nkdirect.o
nk_direct_read_open                               obj/libnklabs/nkdirect.o
nk_direct_write                                   obj/libnklabs/nkdirect.o
                                                  obj/nkymodem_cmd.o
nk_direct_write_close                             obj/libnklabs/nkdirect.o
                                                  obj/nkymodem_cmd.o
nk_direct_write_open                              obj/libnklabs/nkdirect.o
                                                  obj/nkymodem_cmd.o
nk_fbyte_hex_dump                                 obj/libnklabs/nkprintf.o
nk_fcopy                                          obj/libnklabs/nkinfile.o
                                                  obj/libnklabs/nkserialize.o
nk_fflush                                         obj/libnklabs/nkoutfile.o
                                                  obj/libnklabs/nkdbase.o
nk_findent                                        obj/libnklabs/nkprintf.o
                                                  obj/libnklabs/nkserialize.o
nk_fiscan                                         obj/libnklabs/nkscan.o
nk_fiscan_ident                                   obj/libnklabs/nkscan.o
nk_fiscan_word                                    obj/libnklabs/nkscan.o
nk_fprintf                                        obj/libnklabs/nkprintf.o
                                                  obj/libnklabs/nkserialize.o
                                                  obj/libnklabs/nkdbase.o
nk_fscan                                          obj/libnklabs/nkscan.o
                                                  obj/libnklabs/nkserialize.o
                                                  obj/libnklabs/nksched.o
                                                  obj/libnklabs/nkmcuflash.o
                                                  obj/libnklabs/nkdbase.o
                                                  obj/libnklabs/nkcli.o
                                                  obj/info_cmd.o
                                                  obj/basic_cmds.o
                                                  obj/database.o
                                                  obj/tunnel_fpga.o
                                                  obj/nkymodem_cmd.o
                                                  obj/fpga.o
nk_fscan_dec                                      obj/libnklabs/nkscan.o
nk_fscan_double                                   obj/libnklabs/nkscan.o
                                                  obj/libnklabs/nkserialize.o
nk_fscan_escape                                   obj/libnklabs/nkscan.o
                                                  obj/libnklabs/nkserialize.o
nk_fscan_hex                                      obj/libnklabs/nkscan.o
                                                  obj/libnklabs/nkserialize.o
nk_fscan_ident                                    obj/libnklabs/nkscan.o
nk_fscan_keyval                                   obj/libnklabs/nkserialize.o
                                                  obj/libnklabs/nkscan.o
nk_fscan_word                                     obj/libnklabs/nkscan.o
nk_fscan_ws                                       obj/libnklabs/nkscan.o
                                                  obj/libnklabs/nkserialize.o
nk_fseek_slow                                     obj/libnklabs/nkinfile.o
                                                  obj/libnklabs/nkserialize.o
                                                  obj/libnklabs/nkscan.o
                                                  obj/libnklabs/nkdbase.o
nk_get_echo                                       obj/libnklabs/nkreadline.o
                                                  obj/basic_cmds.o
nk_get_sched_sleep_mode                           obj/libnklabs/nksched.o
nk_get_sched_time                                 obj/nkarch_riscv.o
                                                  obj/libnklabs/nksched.o
nk_get_sched_timeout                              obj/nkarch_riscv.o
                                                  obj/libnklabs/nksched.o
nk_get_tid                                        obj/libnklabs/nksched.o
nk_get_time                                       obj/nkarch_riscv.o
                                                  obj/nkuart_riscv.o
nk_get_uart_mode                                  obj/nkuart_riscv.o
nk_getc                                           obj/nkuart_riscv.o
                                                  obj/libnklabs/nkymodem.o
                                                  obj/libnklabs/nkreadline.o
nk_help                                           obj/libnklabs/nkcli.o
                                                  obj/libnklabs/nkreadline.o
nk_indent                                         obj/libnklabs/nkprintf.o
nk_infile_print                                   obj/libnklabs/nkinfile.o
nk_init_cli                                       obj/libnklabs/nkcli.o
                                                  obj/main.o
nk_init_fpga                                      obj/fpga.o
                                                  obj/main.o
nk_init_mcuflash                                  obj/nkarch_riscv.o
nk_init_sched                                     obj/libnklabs/nksched.o
                                                  obj/main.o
nk_init_sched_timer                               obj/nkarch_riscv.o
                                                  obj/libnklabs/nksched.o
nk_init_uart                                      obj/nkuart_riscv.o
                                                  obj/main.o
nk_kbhit                                          obj/nkuart_riscv.o
nk_mcuflash_erase                                 obj/nkarch_riscv.o
                                                  obj/libnklabs/nkmcuflash.o
                                                  obj/database.o
                                                  obj/nkymodem_cmd.o
nk_mcuflash_read                                  obj/nkarch_riscv.o
                                                  obj/libnklabs/nkmcuflash.o
                                                  obj/database.o
                                                  obj/nkymodem_cmd.o
nk_mcuflash_write                                 obj/nkarch_riscv.o
                                                  obj/libnklabs/nkmcuflash.o
                                                  obj/database.o
                                                  obj/nkymodem_cmd.o
nk_memicmp                                        obj/libnklabs/nkstring.o
nk_printf                                         obj/libnklabs/nkprintf.o
                                                  obj/libnklabs/nkymodem.o
                                                  obj/libnklabs/nksched.o
                                                  obj/libnklabs/nkmcuflash.o
                                                  obj/libnklabs/nkdbase.o
                                                  obj/libnklabs/nkcli.o
                                                  obj/info_cmd.o
                                                  obj/basic_cmds.o
                                                  obj/database.o
                                                  obj/tunnel_fpga.o
                                                  obj/nkymodem_cmd.o
                                                  obj/nkarch_riscv.o
                                                  obj/fpga.o
                                                  obj/main.o
nk_putc                                           obj/nkuart_riscv.o
                                                  obj/libnklabs/nkymodem.o
                                                  obj/libnklabs/nkreadline.o
                                                  obj/libnklabs/nkprintf.o
                                                  obj/libnklabs/nkcli.o
nk_puts                                           obj/nkuart_riscv.o
                                                  obj/libnklabs/nkreadline.o
                                                  obj/libnklabs/nkcli.o
nk_readline                                       obj/libnklabs/nkreadline.o
                                                  obj/libnklabs/nkcli.o
nk_resched                                        obj/libnklabs/nksched.o
nk_sched_loop                                     obj/libnklabs/nksched.o
                                                  obj/main.o
nk_set_echo                                       obj/libnklabs/nkreadline.o
                                                  obj/basic_cmds.o
nk_set_sched_sleep_mode                           obj/libnklabs/nksched.o
nk_set_uart_callback                              obj/nkuart_riscv.o
                                                  obj/libnklabs/nkymodem.o
                                                  obj/libnklabs/nkreadline.o
nk_set_uart_mode                                  obj/nkuart_riscv.o
                                                  obj/libnklabs/nkymodem.o
nk_sfprintf                                       obj/libnklabs/nkprintf.o
nk_snprintf                                       obj/libnklabs/nkprintf.o
                                                  obj/libnklabs/nkymodem.o
                                                  obj/libnklabs/nkserialize.o
nk_start_sched_timer                              obj/nkarch_riscv.o
                                                  obj/libnklabs/nksched.o
nk_stricmp                                        obj/libnklabs/nkstring.o
nk_tolower                                        obj/libnklabs/nkstring.o
                                                  obj/libnklabs/nkscan.o
nk_tolowers                                       obj/libnklabs/nkstring.o
nk_uart_read                                      obj/nkuart_riscv.o
nk_uart_write                                     obj/nkuart_riscv.o
nk_udelay                                         obj/nkarch_riscv.o
                                                  obj/libnklabs/nkymodem.o
                                                  obj/basic_cmds.o
nk_unsched                                        obj/libnklabs/nksched.o
                                                  obj/libnklabs/nkymodem.o
nk_viscan                                         obj/libnklabs/nkscan.o
nk_vprintf                                        obj/libnklabs/nkprintf.o
nk_vscan                                          obj/libnklabs/nkscan.o
nk_xpath                                          obj/libnklabs/nkserialize.o
                                                  obj/database.o
nk_yrecv                                          obj/libnklabs/nkymodem.o
                                                  obj/nkymodem_cmd.o
nk_ysend_buffer                                   obj/libnklabs/nkymodem.o
nk_ysend_file                                     obj/libnklabs/nkymodem.o
nkinfile_null                                     obj/libnklabs/nkinfile.o
                                                  obj/libnklabs/nksched.o
nkinfile_open                                     obj/libnklabs/nkinfile.o
                                                  obj/libnklabs/nkdbase.o
nkinfile_open_mem                                 obj/libnklabs/nkinfile.o
nkinfile_open_string                              obj/libnklabs/nkinfile.o
                                                  obj/libnklabs/nkserialize.o
                                                  obj/libnklabs/nkcli.o
nkoutfile_open                                    obj/libnklabs/nkoutfile.o
                                                  obj/libnklabs/nkdbase.o
nkoutfile_open_mem                                obj/libnklabs/nkoutfile.o
                                                  obj/libnklabs/nkprintf.o
nkstderr                                          obj/libnklabs/nkprintf.o
                                                  obj/libnklabs/nkserialize.o
                                                  obj/libnklabs/nkdbase.o
nkstdnull                                         obj/libnklabs/nkprintf.o
nkstdout                                          obj/libnklabs/nkprintf.o
                                                  obj/libnklabs/nkinfile.o
                                                  obj/database.o
picorv32_timer_irq                                obj/nkarch_riscv.o
                                                  obj/main.o
picorv32_uart_irq                                 obj/nkuart_riscv.o
                                                  obj/main.o
process_full_outer                                obj/libnklabs/nkymodem.o
prompt_task                                       obj/libnklabs/nkreadline.o
reboot                                            obj/tunnel_fpga.o
                                                  obj/basic_cmds.o
sched_lock                                        obj/libnklabs/nksched.o
stpcpy                                            obj/nkarch_riscv.o
strcmp                                            obj/nkarch_riscv.o
                                                  obj/libnklabs/nkserialize.o
                                                  obj/libnklabs/nkcli.o
strcpy                                            obj/nkarch_riscv.o
                                                  obj/libnklabs/nkreadline.o
                                                  obj/nkymodem_cmd.o
strlen                                            obj/nkarch_riscv.o
                                                  obj/libnklabs/nkymodem.o
                                                  obj/libnklabs/nkreadline.o
                                                  obj/libnklabs/nkprintf.o
                                                  obj/libnklabs/nkinfile.o
                                                  obj/libnklabs/nkcli.o
                                                  obj/nkymodem_cmd.o
tag                                               obj/tunnel_fpga.o
test_tid                                          obj/libnklabs/nksched.o
timeout_tid                                       obj/libnklabs/nkymodem.o
tyBOOL                                            obj/libnklabs/nkserialize.o
tyCAL                                             obj/database.o
tyDOUBLE                                          obj/libnklabs/nkserialize.o
tyFLOAT                                           obj/libnklabs/nkserialize.o
tyINT                                             obj/libnklabs/nkserialize.o
tyINT16                                           obj/libnklabs/nkserialize.o
tyINT8                                            obj/libnklabs/nkserialize.o
tyIPADDR                                          obj/database.o
tyMACADDR                                         obj/database.o
tyUINT                                            obj/libnklabs/nkserialize.o
tyUINT16                                          obj/libnklabs/nkserialize.o
                                                  obj/database.o
tyUINT8                                           obj/libnklabs/nkserialize.o
                                                  obj/database.o
waiting_rx_task                                   obj/nkuart_riscv.o
waiting_rx_task_data                              obj/nkuart_riscv.o
waiting_rx_tid                                    obj/nkuart_riscv.o
xfer_buf                                          obj/database.o
ymodem_file                                       obj/nkymodem_cmd.o
                                                  obj/libnklabs/nkymodem.o
ymodem_file_fpga                                  obj/nkymodem_cmd.o
ymodem_file_fw0                                   obj/nkymodem_cmd.o
ymodem_file_fw1                                   obj/nkymodem_cmd.o
ymodem_rcv                                        obj/libnklabs/nkymodem.o
ymodem_recv_all_done                              obj/nkymodem_cmd.o
                                                  obj/libnklabs/nkymodem.o
ymodem_recv_file_cancel                           obj/nkymodem_cmd.o
                                                  obj/libnklabs/nkymodem.o
ymodem_recv_file_close                            obj/nkymodem_cmd.o
                                                  obj/libnklabs/nkymodem.o
ymodem_recv_file_open                             obj/nkymodem_cmd.o
                                                  obj/libnklabs/nkymodem.o
ymodem_recv_file_write                            obj/nkymodem_cmd.o
                                                  obj/libnklabs/nkymodem.o
ymodem_recv_init                                  obj/libnklabs/nkymodem.o
ymodem_recv_task                                  obj/libnklabs/nkymodem.o
