Archive member included to satisfy reference by file (symbol)

/opt/riscv32imc/bin/../lib/gcc/riscv32-unknown-elf/8.2.0/libgcc.a(_udivdi3.o)
                              obj/libnklabs/nkprintf.o (__udivdi3)
/opt/riscv32imc/bin/../lib/gcc/riscv32-unknown-elf/8.2.0/libgcc.a(_umoddi3.o)
                              obj/libnklabs/nkprintf.o (__umoddi3)
/opt/riscv32imc/bin/../lib/gcc/riscv32-unknown-elf/8.2.0/libgcc.a(fixdfsi.o)
                              obj/libnklabs/nkserialize.o (__fixdfsi)
/opt/riscv32imc/bin/../lib/gcc/riscv32-unknown-elf/8.2.0/libgcc.a(fixunsdfsi.o)
                              obj/libnklabs/nkserialize.o (__fixunsdfsi)
/opt/riscv32imc/bin/../lib/gcc/riscv32-unknown-elf/8.2.0/libgcc.a(floatdidf.o)
                              obj/libnklabs/nkserialize.o (__floatdidf)
/opt/riscv32imc/bin/../lib/gcc/riscv32-unknown-elf/8.2.0/libgcc.a(floatundidf.o)
                              obj/libnklabs/nkserialize.o (__floatundidf)
/opt/riscv32imc/bin/../lib/gcc/riscv32-unknown-elf/8.2.0/libgcc.a(floatdisf.o)
                              obj/libnklabs/nkserialize.o (__floatdisf)
/opt/riscv32imc/bin/../lib/gcc/riscv32-unknown-elf/8.2.0/libgcc.a(floatundisf.o)
                              obj/libnklabs/nkserialize.o (__floatundisf)
/opt/riscv32imc/bin/../lib/gcc/riscv32-unknown-elf/8.2.0/libgcc.a(extendsfdf2.o)
                              obj/libnklabs/nkserialize.o (__extendsfdf2)
/opt/riscv32imc/bin/../lib/gcc/riscv32-unknown-elf/8.2.0/libgcc.a(truncdfsf2.o)
                              obj/libnklabs/nkserialize.o (__truncdfsf2)
/opt/riscv32imc/bin/../lib/gcc/riscv32-unknown-elf/8.2.0/libgcc.a(_lshrdi3.o)
                              /opt/riscv32imc/bin/../lib/gcc/riscv32-unknown-elf/8.2.0/libgcc.a(floatdidf.o) (__lshrdi3)
/opt/riscv32imc/bin/../lib/gcc/riscv32-unknown-elf/8.2.0/libgcc.a(_ashldi3.o)
                              /opt/riscv32imc/bin/../lib/gcc/riscv32-unknown-elf/8.2.0/libgcc.a(floatdidf.o) (__ashldi3)
/opt/riscv32imc/bin/../lib/gcc/riscv32-unknown-elf/8.2.0/libgcc.a(_clz.o)
                              /opt/riscv32imc/bin/../lib/gcc/riscv32-unknown-elf/8.2.0/libgcc.a(_udivdi3.o) (__clz_tab)
/opt/riscv32imc/bin/../lib/gcc/riscv32-unknown-elf/8.2.0/libgcc.a(_clzsi2.o)
                              /opt/riscv32imc/bin/../lib/gcc/riscv32-unknown-elf/8.2.0/libgcc.a(floatdidf.o) (__clzsi2)

Allocating common symbols
Common symbol       size              file

xfer_buf            0x80              obj/database.o
test_tid            0x4               obj/libnklabs/nksched.o
nk_cli_tid          0x4               obj/libnklabs/nkcli.o
cal                 0xc               obj/database.o
waiting_rx_task     0x4               obj/nkuart_riscv.o
ymodem_file         0xc               obj/nkymodem_cmd.o
tag                 0x1               obj/tunnel_fpga.o
waiting_rx_task_data
                    0x4               obj/nkuart_riscv.o
console_tid         0x4               obj/libnklabs/nkreadline.o
console_prompt      0x4               obj/libnklabs/nkreadline.o
cal_rev             0x1               obj/database.o
waiting_rx_tid      0x4               obj/nkuart_riscv.o
console_callback    0x4               obj/libnklabs/nkreadline.o

Discarded input sections

 .debug_info    0x0000000000000000     0x121a /opt/riscv32imc/bin/../lib/gcc/riscv32-unknown-elf/8.2.0/libgcc.a(_udivdi3.o)
 .debug_abbrev  0x0000000000000000      0x2cc /opt/riscv32imc/bin/../lib/gcc/riscv32-unknown-elf/8.2.0/libgcc.a(_udivdi3.o)
 .debug_loc     0x0000000000000000      0xc1c /opt/riscv32imc/bin/../lib/gcc/riscv32-unknown-elf/8.2.0/libgcc.a(_udivdi3.o)
 .debug_aranges
                0x0000000000000000       0x20 /opt/riscv32imc/bin/../lib/gcc/riscv32-unknown-elf/8.2.0/libgcc.a(_udivdi3.o)
 .debug_ranges  0x0000000000000000      0x100 /opt/riscv32imc/bin/../lib/gcc/riscv32-unknown-elf/8.2.0/libgcc.a(_udivdi3.o)
 .debug_line    0x0000000000000000      0x8c3 /opt/riscv32imc/bin/../lib/gcc/riscv32-unknown-elf/8.2.0/libgcc.a(_udivdi3.o)
 .debug_str     0x0000000000000000      0x81e /opt/riscv32imc/bin/../lib/gcc/riscv32-unknown-elf/8.2.0/libgcc.a(_udivdi3.o)
 .debug_info    0x0000000000000000     0x1278 /opt/riscv32imc/bin/../lib/gcc/riscv32-unknown-elf/8.2.0/libgcc.a(_umoddi3.o)
 .debug_abbrev  0x0000000000000000      0x2e8 /opt/riscv32imc/bin/../lib/gcc/riscv32-unknown-elf/8.2.0/libgcc.a(_umoddi3.o)
 .debug_loc     0x0000000000000000      0x969 /opt/riscv32imc/bin/../lib/gcc/riscv32-unknown-elf/8.2.0/libgcc.a(_umoddi3.o)
 .debug_aranges
                0x0000000000000000       0x20 /opt/riscv32imc/bin/../lib/gcc/riscv32-unknown-elf/8.2.0/libgcc.a(_umoddi3.o)
 .debug_ranges  0x0000000000000000       0xd0 /opt/riscv32imc/bin/../lib/gcc/riscv32-unknown-elf/8.2.0/libgcc.a(_umoddi3.o)
 .debug_line    0x0000000000000000      0x973 /opt/riscv32imc/bin/../lib/gcc/riscv32-unknown-elf/8.2.0/libgcc.a(_umoddi3.o)
 .debug_str     0x0000000000000000      0x81e /opt/riscv32imc/bin/../lib/gcc/riscv32-unknown-elf/8.2.0/libgcc.a(_umoddi3.o)
 .debug_info    0x0000000000000000      0x217 /opt/riscv32imc/bin/../lib/gcc/riscv32-unknown-elf/8.2.0/libgcc.a(fixdfsi.o)
 .debug_abbrev  0x0000000000000000      0x18a /opt/riscv32imc/bin/../lib/gcc/riscv32-unknown-elf/8.2.0/libgcc.a(fixdfsi.o)
 .debug_loc     0x0000000000000000      0x16d /opt/riscv32imc/bin/../lib/gcc/riscv32-unknown-elf/8.2.0/libgcc.a(fixdfsi.o)
 .debug_aranges
                0x0000000000000000       0x20 /opt/riscv32imc/bin/../lib/gcc/riscv32-unknown-elf/8.2.0/libgcc.a(fixdfsi.o)
 .debug_ranges  0x0000000000000000       0x18 /opt/riscv32imc/bin/../lib/gcc/riscv32-unknown-elf/8.2.0/libgcc.a(fixdfsi.o)
 .debug_line    0x0000000000000000      0x21b /opt/riscv32imc/bin/../lib/gcc/riscv32-unknown-elf/8.2.0/libgcc.a(fixdfsi.o)
 .debug_str     0x0000000000000000      0x241 /opt/riscv32imc/bin/../lib/gcc/riscv32-unknown-elf/8.2.0/libgcc.a(fixdfsi.o)
 .debug_frame   0x0000000000000000       0x20 /opt/riscv32imc/bin/../lib/gcc/riscv32-unknown-elf/8.2.0/libgcc.a(fixdfsi.o)
 .debug_info    0x0000000000000000      0x205 /opt/riscv32imc/bin/../lib/gcc/riscv32-unknown-elf/8.2.0/libgcc.a(fixunsdfsi.o)
 .debug_abbrev  0x0000000000000000      0x18a /opt/riscv32imc/bin/../lib/gcc/riscv32-unknown-elf/8.2.0/libgcc.a(fixunsdfsi.o)
 .debug_loc     0x0000000000000000       0xef /opt/riscv32imc/bin/../lib/gcc/riscv32-unknown-elf/8.2.0/libgcc.a(fixunsdfsi.o)
 .debug_aranges
                0x0000000000000000       0x20 /opt/riscv32imc/bin/../lib/gcc/riscv32-unknown-elf/8.2.0/libgcc.a(fixunsdfsi.o)
 .debug_ranges  0x0000000000000000       0x20 /opt/riscv32imc/bin/../lib/gcc/riscv32-unknown-elf/8.2.0/libgcc.a(fixunsdfsi.o)
 .debug_line    0x0000000000000000      0x1d0 /opt/riscv32imc/bin/../lib/gcc/riscv32-unknown-elf/8.2.0/libgcc.a(fixunsdfsi.o)
 .debug_str     0x0000000000000000      0x240 /opt/riscv32imc/bin/../lib/gcc/riscv32-unknown-elf/8.2.0/libgcc.a(fixunsdfsi.o)
 .debug_frame   0x0000000000000000       0x20 /opt/riscv32imc/bin/../lib/gcc/riscv32-unknown-elf/8.2.0/libgcc.a(fixunsdfsi.o)
 .debug_info    0x0000000000000000      0x2f5 /opt/riscv32imc/bin/../lib/gcc/riscv32-unknown-elf/8.2.0/libgcc.a(floatdidf.o)
 .debug_abbrev  0x0000000000000000      0x19f /opt/riscv32imc/bin/../lib/gcc/riscv32-unknown-elf/8.2.0/libgcc.a(floatdidf.o)
 .debug_loc     0x0000000000000000      0x250 /opt/riscv32imc/bin/../lib/gcc/riscv32-unknown-elf/8.2.0/libgcc.a(floatdidf.o)
 .debug_aranges
                0x0000000000000000       0x20 /opt/riscv32imc/bin/../lib/gcc/riscv32-unknown-elf/8.2.0/libgcc.a(floatdidf.o)
 .debug_ranges  0x0000000000000000       0x68 /opt/riscv32imc/bin/../lib/gcc/riscv32-unknown-elf/8.2.0/libgcc.a(floatdidf.o)
 .debug_line    0x0000000000000000      0x40b /opt/riscv32imc/bin/../lib/gcc/riscv32-unknown-elf/8.2.0/libgcc.a(floatdidf.o)
 .debug_str     0x0000000000000000      0x2e1 /opt/riscv32imc/bin/../lib/gcc/riscv32-unknown-elf/8.2.0/libgcc.a(floatdidf.o)
 .debug_frame   0x0000000000000000       0x4c /opt/riscv32imc/bin/../lib/gcc/riscv32-unknown-elf/8.2.0/libgcc.a(floatdidf.o)
 .debug_info    0x0000000000000000      0x2e8 /opt/riscv32imc/bin/../lib/gcc/riscv32-unknown-elf/8.2.0/libgcc.a(floatundidf.o)
 .debug_abbrev  0x0000000000000000      0x19f /opt/riscv32imc/bin/../lib/gcc/riscv32-unknown-elf/8.2.0/libgcc.a(floatundidf.o)
 .debug_loc     0x0000000000000000      0x2ec /opt/riscv32imc/bin/../lib/gcc/riscv32-unknown-elf/8.2.0/libgcc.a(floatundidf.o)
 .debug_aranges
                0x0000000000000000       0x20 /opt/riscv32imc/bin/../lib/gcc/riscv32-unknown-elf/8.2.0/libgcc.a(floatundidf.o)
 .debug_ranges  0x0000000000000000       0x68 /opt/riscv32imc/bin/../lib/gcc/riscv32-unknown-elf/8.2.0/libgcc.a(floatundidf.o)
 .debug_line    0x0000000000000000      0x3ef /opt/riscv32imc/bin/../lib/gcc/riscv32-unknown-elf/8.2.0/libgcc.a(floatundidf.o)
 .debug_str     0x0000000000000000      0x2de /opt/riscv32imc/bin/../lib/gcc/riscv32-unknown-elf/8.2.0/libgcc.a(floatundidf.o)
 .debug_frame   0x0000000000000000       0x44 /opt/riscv32imc/bin/../lib/gcc/riscv32-unknown-elf/8.2.0/libgcc.a(floatundidf.o)
 .debug_info    0x0000000000000000      0x259 /opt/riscv32imc/bin/../lib/gcc/riscv32-unknown-elf/8.2.0/libgcc.a(floatdisf.o)
 .debug_abbrev  0x0000000000000000      0x18d /opt/riscv32imc/bin/../lib/gcc/riscv32-unknown-elf/8.2.0/libgcc.a(floatdisf.o)
 .debug_loc     0x0000000000000000      0x1b2 /opt/riscv32imc/bin/../lib/gcc/riscv32-unknown-elf/8.2.0/libgcc.a(floatdisf.o)
 .debug_aranges
                0x0000000000000000       0x20 /opt/riscv32imc/bin/../lib/gcc/riscv32-unknown-elf/8.2.0/libgcc.a(floatdisf.o)
 .debug_ranges  0x0000000000000000       0x68 /opt/riscv32imc/bin/../lib/gcc/riscv32-unknown-elf/8.2.0/libgcc.a(floatdisf.o)
 .debug_line    0x0000000000000000      0x339 /opt/riscv32imc/bin/../lib/gcc/riscv32-unknown-elf/8.2.0/libgcc.a(floatdisf.o)
 .debug_str     0x0000000000000000      0x2b8 /opt/riscv32imc/bin/../lib/gcc/riscv32-unknown-elf/8.2.0/libgcc.a(floatdisf.o)
 .debug_frame   0x0000000000000000       0x48 /opt/riscv32imc/bin/../lib/gcc/riscv32-unknown-elf/8.2.0/libgcc.a(floatdisf.o)
 .debug_info    0x0000000000000000      0x24c /opt/riscv32imc/bin/../lib/gcc/riscv32-unknown-elf/8.2.0/libgcc.a(floatundisf.o)
 .debug_abbrev  0x0000000000000000      0x18d /opt/riscv32imc/bin/../lib/gcc/riscv32-unknown-elf/8.2.0/libgcc.a(floatundisf.o)
 .debug_loc     0x0000000000000000      0x1c8 /opt/riscv32imc/bin/../lib/gcc/riscv32-unknown-elf/8.2.0/libgcc.a(floatundisf.o)
 .debug_aranges
                0x0000000000000000       0x20 /opt/riscv32imc/bin/../lib/gcc/riscv32-unknown-elf/8.2.0/libgcc.a(floatundisf.o)
 .debug_ranges  0x0000000000000000       0x68 /opt/riscv32imc/bin/../lib/gcc/riscv32-unknown-elf/8.2.0/libgcc.a(floatundisf.o)
 .debug_line    0x0000000000000000      0x31d /opt/riscv32imc/bin/../lib/gcc/riscv32-unknown-elf/8.2.0/libgcc.a(floatundisf.o)
 .debug_str     0x0000000000000000      0x2b5 /opt/riscv32imc/bin/../lib/gcc/riscv32-unknown-elf/8.2.0/libgcc.a(floatundisf.o)
 .debug_frame   0x0000000000000000       0x44 /opt/riscv32imc/bin/../lib/gcc/riscv32-unknown-elf/8.2.0/libgcc.a(floatundisf.o)
 .debug_info    0x0000000000000000      0x2a9 /opt/riscv32imc/bin/../lib/gcc/riscv32-unknown-elf/8.2.0/libgcc.a(extendsfdf2.o)
 .debug_abbrev  0x0000000000000000      0x17b /opt/riscv32imc/bin/../lib/gcc/riscv32-unknown-elf/8.2.0/libgcc.a(extendsfdf2.o)
 .debug_loc     0x0000000000000000      0x1a4 /opt/riscv32imc/bin/../lib/gcc/riscv32-unknown-elf/8.2.0/libgcc.a(extendsfdf2.o)
 .debug_aranges
                0x0000000000000000       0x20 /opt/riscv32imc/bin/../lib/gcc/riscv32-unknown-elf/8.2.0/libgcc.a(extendsfdf2.o)
 .debug_ranges  0x0000000000000000       0x38 /opt/riscv32imc/bin/../lib/gcc/riscv32-unknown-elf/8.2.0/libgcc.a(extendsfdf2.o)
 .debug_line    0x0000000000000000      0x363 /opt/riscv32imc/bin/../lib/gcc/riscv32-unknown-elf/8.2.0/libgcc.a(extendsfdf2.o)
 .debug_str     0x0000000000000000      0x265 /opt/riscv32imc/bin/../lib/gcc/riscv32-unknown-elf/8.2.0/libgcc.a(extendsfdf2.o)
 .debug_frame   0x0000000000000000       0x38 /opt/riscv32imc/bin/../lib/gcc/riscv32-unknown-elf/8.2.0/libgcc.a(extendsfdf2.o)
 .debug_info    0x0000000000000000      0x2e2 /opt/riscv32imc/bin/../lib/gcc/riscv32-unknown-elf/8.2.0/libgcc.a(truncdfsf2.o)
 .debug_abbrev  0x0000000000000000      0x177 /opt/riscv32imc/bin/../lib/gcc/riscv32-unknown-elf/8.2.0/libgcc.a(truncdfsf2.o)
 .debug_loc     0x0000000000000000      0x369 /opt/riscv32imc/bin/../lib/gcc/riscv32-unknown-elf/8.2.0/libgcc.a(truncdfsf2.o)
 .debug_aranges
                0x0000000000000000       0x20 /opt/riscv32imc/bin/../lib/gcc/riscv32-unknown-elf/8.2.0/libgcc.a(truncdfsf2.o)
 .debug_ranges  0x0000000000000000       0x40 /opt/riscv32imc/bin/../lib/gcc/riscv32-unknown-elf/8.2.0/libgcc.a(truncdfsf2.o)
 .debug_line    0x0000000000000000      0x3fd /opt/riscv32imc/bin/../lib/gcc/riscv32-unknown-elf/8.2.0/libgcc.a(truncdfsf2.o)
 .debug_str     0x0000000000000000      0x2c3 /opt/riscv32imc/bin/../lib/gcc/riscv32-unknown-elf/8.2.0/libgcc.a(truncdfsf2.o)
 .debug_frame   0x0000000000000000       0x20 /opt/riscv32imc/bin/../lib/gcc/riscv32-unknown-elf/8.2.0/libgcc.a(truncdfsf2.o)
 .debug_info    0x0000000000000000      0xc47 /opt/riscv32imc/bin/../lib/gcc/riscv32-unknown-elf/8.2.0/libgcc.a(_lshrdi3.o)
 .debug_abbrev  0x0000000000000000      0x275 /opt/riscv32imc/bin/../lib/gcc/riscv32-unknown-elf/8.2.0/libgcc.a(_lshrdi3.o)
 .debug_loc     0x0000000000000000       0x7e /opt/riscv32imc/bin/../lib/gcc/riscv32-unknown-elf/8.2.0/libgcc.a(_lshrdi3.o)
 .debug_aranges
                0x0000000000000000       0x20 /opt/riscv32imc/bin/../lib/gcc/riscv32-unknown-elf/8.2.0/libgcc.a(_lshrdi3.o)
 .debug_line    0x0000000000000000      0x2d3 /opt/riscv32imc/bin/../lib/gcc/riscv32-unknown-elf/8.2.0/libgcc.a(_lshrdi3.o)
 .debug_str     0x0000000000000000      0x7b4 /opt/riscv32imc/bin/../lib/gcc/riscv32-unknown-elf/8.2.0/libgcc.a(_lshrdi3.o)
 .debug_frame   0x0000000000000000       0x20 /opt/riscv32imc/bin/../lib/gcc/riscv32-unknown-elf/8.2.0/libgcc.a(_lshrdi3.o)
 .debug_info    0x0000000000000000      0xc47 /opt/riscv32imc/bin/../lib/gcc/riscv32-unknown-elf/8.2.0/libgcc.a(_ashldi3.o)
 .debug_abbrev  0x0000000000000000      0x275 /opt/riscv32imc/bin/../lib/gcc/riscv32-unknown-elf/8.2.0/libgcc.a(_ashldi3.o)
 .debug_loc     0x0000000000000000       0x7e /opt/riscv32imc/bin/../lib/gcc/riscv32-unknown-elf/8.2.0/libgcc.a(_ashldi3.o)
 .debug_aranges
                0x0000000000000000       0x20 /opt/riscv32imc/bin/../lib/gcc/riscv32-unknown-elf/8.2.0/libgcc.a(_ashldi3.o)
 .debug_line    0x0000000000000000      0x2d3 /opt/riscv32imc/bin/../lib/gcc/riscv32-unknown-elf/8.2.0/libgcc.a(_ashldi3.o)
 .debug_str     0x0000000000000000      0x7b4 /opt/riscv32imc/bin/../lib/gcc/riscv32-unknown-elf/8.2.0/libgcc.a(_ashldi3.o)
 .debug_frame   0x0000000000000000       0x20 /opt/riscv32imc/bin/../lib/gcc/riscv32-unknown-elf/8.2.0/libgcc.a(_ashldi3.o)
 .debug_info    0x0000000000000000      0xb3f /opt/riscv32imc/bin/../lib/gcc/riscv32-unknown-elf/8.2.0/libgcc.a(_clz.o)
 .debug_abbrev  0x0000000000000000      0x1e8 /opt/riscv32imc/bin/../lib/gcc/riscv32-unknown-elf/8.2.0/libgcc.a(_clz.o)
 .debug_aranges
                0x0000000000000000       0x18 /opt/riscv32imc/bin/../lib/gcc/riscv32-unknown-elf/8.2.0/libgcc.a(_clz.o)
 .debug_line    0x0000000000000000      0x1ff /opt/riscv32imc/bin/../lib/gcc/riscv32-unknown-elf/8.2.0/libgcc.a(_clz.o)
 .debug_str     0x0000000000000000      0x765 /opt/riscv32imc/bin/../lib/gcc/riscv32-unknown-elf/8.2.0/libgcc.a(_clz.o)
 .debug_info    0x0000000000000000      0xbac /opt/riscv32imc/bin/../lib/gcc/riscv32-unknown-elf/8.2.0/libgcc.a(_clzsi2.o)
 .debug_abbrev  0x0000000000000000      0x242 /opt/riscv32imc/bin/../lib/gcc/riscv32-unknown-elf/8.2.0/libgcc.a(_clzsi2.o)
 .debug_loc     0x0000000000000000       0x6b /opt/riscv32imc/bin/../lib/gcc/riscv32-unknown-elf/8.2.0/libgcc.a(_clzsi2.o)
 .debug_aranges
                0x0000000000000000       0x20 /opt/riscv32imc/bin/../lib/gcc/riscv32-unknown-elf/8.2.0/libgcc.a(_clzsi2.o)
 .debug_ranges  0x0000000000000000       0x20 /opt/riscv32imc/bin/../lib/gcc/riscv32-unknown-elf/8.2.0/libgcc.a(_clzsi2.o)
 .debug_line    0x0000000000000000      0x281 /opt/riscv32imc/bin/../lib/gcc/riscv32-unknown-elf/8.2.0/libgcc.a(_clzsi2.o)
 .debug_str     0x0000000000000000      0x782 /opt/riscv32imc/bin/../lib/gcc/riscv32-unknown-elf/8.2.0/libgcc.a(_clzsi2.o)
 .debug_frame   0x0000000000000000       0x20 /opt/riscv32imc/bin/../lib/gcc/riscv32-unknown-elf/8.2.0/libgcc.a(_clzsi2.o)

Memory Configuration

Name             Origin             Length             Attributes
FLASH            0x0000000000100000 0x0000000000100000 xr
RAM              0x0000000000000100 0x000000000000ff00 xrw
*default*        0x0000000000000000 0xffffffffffffffff

Linker script and memory map


.text           0x0000000000100000     0xcbe8
                0x0000000000100000                . = ALIGN (0x4)
 *(.text)
 .text          0x0000000000100000      0x2e8 obj/start.o
                0x0000000000100228                flashio_worker_begin
                0x00000000001002dc                flashio_worker_end
 .text          0x00000000001002e8       0x62 obj/main.o
                0x00000000001002e8                irq
                0x0000000000100314                main
 .text          0x000000000010034a      0x5a2 obj/fpga.o
                0x00000000001008d0                fpga_wr
                0x00000000001008dc                fpga_rd
                0x00000000001008ea                nk_init_fpga
 .text          0x00000000001008ec      0x452 obj/nkarch_riscv.o
                0x0000000000100958                nk_convert_delay
                0x0000000000100964                picorv32_timer_irq
                0x0000000000100966                nk_init_sched_timer
                0x0000000000100968                nk_sched_wakeup
                0x000000000010097e                nk_get_time
                0x0000000000100986                nk_udelay
                0x00000000001009a4                nk_init_mcuflash
                0x00000000001009a8                nk_mcuflash_erase
                0x0000000000100a9e                strlen
                0x0000000000100ab8                strcmp
                0x0000000000100af8                strcpy
                0x0000000000100b0a                stpcpy
                0x0000000000100b24                memset
                0x0000000000100b36                memmove
                0x0000000000100b70                memcpy
                0x0000000000100b88                nk_mcuflash_write
                0x0000000000100c22                nk_mcuflash_read
                0x0000000000100cbc                memcmp
                0x0000000000100d00                atoi
 .text          0x0000000000100d3e      0x288 obj/nkuart_riscv.o
                0x0000000000100d7c                nk_set_uart_callback
                0x0000000000100ddc                nk_get_uart_mode
                0x0000000000100de4                nk_set_uart_mode
                0x0000000000100df2                nk_putc
                0x0000000000100e38                nk_puts
                0x0000000000100e66                nk_uart_write
                0x0000000000100e9a                picorv32_uart_irq
                0x0000000000100ede                nk_getc
                0x0000000000100f24                nk_kbhit
                0x0000000000100f4a                nk_uart_read
                0x0000000000100fc4                nk_init_uart
 .text          0x0000000000100fc6      0x222 obj/nkymodem_cmd.o
                0x0000000000101068                ymodem_recv_file_open
                0x000000000010111a                ymodem_recv_file_write
                0x0000000000101132                ymodem_recv_file_close
                0x000000000010114e                ymodem_recv_file_cancel
                0x0000000000101150                ymodem_recv_all_done
 .text          0x00000000001011e8      0x57a obj/tunnel_fpga.o
                0x0000000000101760                reboot
 .text          0x0000000000101762      0x30a obj/database.o
                0x00000000001019f8                database_init
 .text          0x0000000000101a6c      0x1a2 obj/basic_cmds.o
 .text          0x0000000000101c0e      0x1c0 obj/info_cmd.o
 .text          0x0000000000101dce      0x206 obj/libnklabs/nkchecked.o
                0x0000000000101dce                nk_checked_read_open
                0x0000000000101e9c                nk_checked_read
                0x0000000000101ed8                nk_checked_write_open
                0x0000000000101f0e                nk_checked_write
                0x0000000000101fb4                nk_checked_write_close
 .text          0x0000000000101fd4       0xfa obj/libnklabs/nkdirect.o
                0x0000000000101fd4                nk_direct_read_open
                0x0000000000101fe2                nk_direct_read
                0x000000000010201c                nk_direct_write_open
                0x000000000010202a                nk_direct_write
                0x00000000001020ca                nk_direct_write_close
 .text          0x00000000001020ce      0x4f2 obj/libnklabs/nkcli.o
                0x00000000001022e2                nk_complete
                0x00000000001023ac                nk_help
                0x00000000001024d4                nk_cli_enable
                0x00000000001024f2                nk_cli_disable
                0x00000000001024fc                nk_init_cli
 .text          0x00000000001025c0      0x174 obj/libnklabs/nkcrclib.o
                0x00000000001025c0                nk_crc8
                0x0000000000102606                nk_crc32be_update
                0x0000000000102620                nk_crc32be_check
                0x000000000010264c                nk_crc32le_update
                0x000000000010266a                nk_crc32le_check
                0x0000000000102696                nk_crc16be_update
                0x00000000001026b6                nk_crc16be_check
                0x00000000001026e2                nk_crc16le_update
                0x0000000000102708                nk_crc16le_check
 .text          0x0000000000102734      0x2dc obj/libnklabs/nkdbase.o
                0x0000000000102734                nk_dbase_save
                0x0000000000102858                nk_dbase_load
 .text          0x0000000000102a10      0x186 obj/libnklabs/nkinfile.o
                0x0000000000102a10                nk_fseek_slow
                0x0000000000102a74                nkinfile_open
                0x0000000000102aac                nkinfile_open_mem
                0x0000000000102ac8                nkinfile_open_string
                0x0000000000102aec                nk_fcopy
                0x0000000000102b84                nk_infile_print
 .text          0x0000000000102b96      0x432 obj/libnklabs/nkmcuflash.o
 .text          0x0000000000102fc8       0xa4 obj/libnklabs/nkoutfile.o
                0x0000000000102fc8                nkoutfile_open
                0x0000000000102fda                nk_fflush
                0x0000000000103014                nkoutfile_open_mem
                0x000000000010302c                _nk_flush_and_putc
 .text          0x000000000010306c      0xa18 obj/libnklabs/nkprintf.o
                0x000000000010309a                nk_findent
                0x00000000001030fe                nk_indent
                0x0000000000103110                nk_vprintf
                0x000000000010383a                nk_snprintf
                0x0000000000103872                nk_sfprintf
                0x00000000001038c0                nk_printf
                0x00000000001038e4                nk_fprintf
                0x0000000000103900                nk_fbyte_hex_dump
                0x0000000000103a6c                nk_byte_hex_dump
 .text          0x0000000000103a84      0x8ca obj/libnklabs/nkreadline.o
                0x00000000001042f2                nk_set_echo
                0x00000000001042fe                nk_get_echo
                0x0000000000104304                nk_readline
 .text          0x000000000010434e      0xb84 obj/libnklabs/nkscan.o
                0x000000000010434e                nk_fscan_ws
                0x0000000000104396                nk_fscan_escape
                0x0000000000104898                nk_fscan_word
                0x00000000001048ae                nk_fiscan_word
                0x00000000001048c4                nk_fscan_ident
                0x00000000001048da                nk_fiscan_ident
                0x00000000001048f0                nk_fscan_hex
                0x0000000000104a30                nk_fscan_dec
                0x0000000000104e6e                nk_fscan_double
                0x0000000000104e72                nk_vscan
                0x0000000000104e86                nk_viscan
                0x0000000000104e9a                nk_fscan
                0x0000000000104eb6                nk_fiscan
 .text          0x0000000000104ed2      0x4e4 obj/libnklabs/nksched.o
                0x0000000000104f50                nk_get_tid
                0x0000000000104f58                nk_alloc_tid
                0x0000000000104f66                _nk_sched
                0x0000000000105182                nk_resched
                0x0000000000105246                nk_unsched
                0x0000000000105296                nk_check
                0x00000000001052e4                nk_init_sched
                0x000000000010532c                nk_get_sched_sleep_mode
                0x0000000000105334                nk_set_sched_sleep_mode
                0x0000000000105342                nk_sched_loop
 .text          0x00000000001053b6     0x2b68 obj/libnklabs/nkserialize.o
                0x0000000000105ad0                nk_dbase_fprint
                0x0000000000106162                nk_dbase_serialize
                0x0000000000106652                nk_fscan_keyval
                0x0000000000107d38                nk_xpath
 .text          0x0000000000107f1e      0x124 obj/libnklabs/nkstring.o
                0x0000000000107f1e                nk_tolower
                0x0000000000107f2e                nk_tolowers
                0x0000000000107f52                nk_stricmp
                0x0000000000107fb8                nk_memicmp
                0x0000000000108012                nk_isxdigit
                0x000000000010802e                nk_isspace
 .text          0x0000000000108042      0xcf6 obj/libnklabs/nkymodem.o
                0x00000000001083d2                nk_ysend_file
                0x00000000001084ac                nk_ysend_buffer
                0x00000000001084ea                ymodem_recv_init
                0x0000000000108536                ymodem_rcv
                0x0000000000108c0a                nk_yrecv
                0x0000000000108cb6                debug_rcv_status
 .text          0x0000000000108d38        0x0 obj/version.o
 .text          0x0000000000108d38      0x35e /opt/riscv32imc/bin/../lib/gcc/riscv32-unknown-elf/8.2.0/libgcc.a(_udivdi3.o)
                0x0000000000108d38                __udivdi3
 .text          0x0000000000109096      0x352 /opt/riscv32imc/bin/../lib/gcc/riscv32-unknown-elf/8.2.0/libgcc.a(_umoddi3.o)
                0x0000000000109096                __umoddi3
 .text          0x00000000001093e8       0x64 /opt/riscv32imc/bin/../lib/gcc/riscv32-unknown-elf/8.2.0/libgcc.a(fixdfsi.o)
                0x00000000001093e8                __fixdfsi
 .text          0x000000000010944c       0x5c /opt/riscv32imc/bin/../lib/gcc/riscv32-unknown-elf/8.2.0/libgcc.a(fixunsdfsi.o)
                0x000000000010944c                __fixunsdfsi
 .text          0x00000000001094a8      0x180 /opt/riscv32imc/bin/../lib/gcc/riscv32-unknown-elf/8.2.0/libgcc.a(floatdidf.o)
                0x00000000001094a8                __floatdidf
 .text          0x0000000000109628      0x14e /opt/riscv32imc/bin/../lib/gcc/riscv32-unknown-elf/8.2.0/libgcc.a(floatundidf.o)
                0x0000000000109628                __floatundidf
 .text          0x0000000000109776      0x108 /opt/riscv32imc/bin/../lib/gcc/riscv32-unknown-elf/8.2.0/libgcc.a(floatdisf.o)
                0x0000000000109776                __floatdisf
 .text          0x000000000010987e       0xda /opt/riscv32imc/bin/../lib/gcc/riscv32-unknown-elf/8.2.0/libgcc.a(floatundisf.o)
                0x000000000010987e                __floatundisf
 .text          0x0000000000109958       0x98 /opt/riscv32imc/bin/../lib/gcc/riscv32-unknown-elf/8.2.0/libgcc.a(extendsfdf2.o)
                0x0000000000109958                __extendsfdf2
 .text          0x00000000001099f0      0x122 /opt/riscv32imc/bin/../lib/gcc/riscv32-unknown-elf/8.2.0/libgcc.a(truncdfsf2.o)
                0x00000000001099f0                __truncdfsf2
 .text          0x0000000000109b12       0x2a /opt/riscv32imc/bin/../lib/gcc/riscv32-unknown-elf/8.2.0/libgcc.a(_lshrdi3.o)
                0x0000000000109b12                __lshrdi3
 .text          0x0000000000109b3c       0x2a /opt/riscv32imc/bin/../lib/gcc/riscv32-unknown-elf/8.2.0/libgcc.a(_ashldi3.o)
                0x0000000000109b3c                __ashldi3
 .text          0x0000000000109b66        0x0 /opt/riscv32imc/bin/../lib/gcc/riscv32-unknown-elf/8.2.0/libgcc.a(_clz.o)
 .text          0x0000000000109b66       0x3c /opt/riscv32imc/bin/../lib/gcc/riscv32-unknown-elf/8.2.0/libgcc.a(_clzsi2.o)
                0x0000000000109b66                __clzsi2
 *(.text*)
 *(.rodata)
 *fill*         0x0000000000109ba2        0x2 
 .rodata        0x0000000000109ba4       0x60 obj/nkymodem_cmd.o
                0x0000000000109ba4                ymodem_file_fpga
                0x0000000000109bc4                ymodem_file_fw0
                0x0000000000109be4                ymodem_file_fw1
 .rodata        0x0000000000109c04       0x54 obj/tunnel_fpga.o
                0x0000000000109c04                fpga_regtable
 .rodata        0x0000000000109c58       0xd8 obj/database.o
                0x0000000000109c58                cal_defaults
                0x0000000000109c64                cal_dbase
                0x0000000000109cb4                tyCAL
                0x0000000000109cc8                cal_members
                0x0000000000109d08                tyMACADDR
                0x0000000000109d1c                tyIPADDR
 .rodata        0x0000000000109d30      0x800 obj/libnklabs/nkcrclib.o
 .rodata        0x000000000010a530      0x100 obj/libnklabs/nkprintf.o
 .rodata        0x000000000010a630      0x208 obj/libnklabs/nkscan.o
 .rodata        0x000000000010a838      0x23c obj/libnklabs/nkserialize.o
                0x000000000010a9c0                tyFLOAT
                0x000000000010a9d4                tyDOUBLE
                0x000000000010a9e8                tyBOOL
                0x000000000010a9fc                tyUINT16
                0x000000000010aa10                tyINT16
                0x000000000010aa24                tyUINT8
                0x000000000010aa38                tyINT8
                0x000000000010aa4c                tyUINT
                0x000000000010aa60                tyINT
 .rodata        0x000000000010aa74        0xb obj/libnklabs/nkymodem.o
 *fill*         0x000000000010aa7f        0x1 
 .rodata        0x000000000010aa80       0x2f obj/version.o
                0x000000000010aa80                git_hash
 *fill*         0x000000000010aaaf        0x1 
 .rodata        0x000000000010aab0      0x100 /opt/riscv32imc/bin/../lib/gcc/riscv32-unknown-elf/8.2.0/libgcc.a(_clz.o)
                0x000000000010aab0                __clz_tab
 *(.rodata*)
 .rodata.str1.4
                0x000000000010abb0        0xb obj/main.o
 *fill*         0x000000000010abbb        0x1 
 .rodata.str1.4
                0x000000000010abbc      0x318 obj/fpga.o
                                        0x31c (size before relaxing)
 .rodata.str1.4
                0x000000000010aed4       0x4c obj/nkuart_riscv.o
 .rodata.str1.4
                0x000000000010af20      0x145 obj/nkymodem_cmd.o
                                        0x159 (size before relaxing)
 *fill*         0x000000000010b065        0x3 
 .rodata.str1.4
                0x000000000010b068      0x56f obj/tunnel_fpga.o
                                        0x58f (size before relaxing)
 *fill*         0x000000000010b5d7        0x1 
 .rodata.str1.4
                0x000000000010b5d8      0x309 obj/database.o
                                        0x325 (size before relaxing)
 *fill*         0x000000000010b8e1        0x3 
 .rodata.str1.4
                0x000000000010b8e4      0x293 obj/basic_cmds.o
                                        0x2af (size before relaxing)
 *fill*         0x000000000010bb77        0x1 
 .rodata.str1.4
                0x000000000010bb78      0x2b1 obj/info_cmd.o
                                        0x2c5 (size before relaxing)
 *fill*         0x000000000010be29        0x3 
 .rodata.str1.4
                0x000000000010be2c      0x1c7 obj/libnklabs/nkcli.o
                                        0x1e7 (size before relaxing)
 *fill*         0x000000000010bff3        0x1 
 .rodata.str1.4
                0x000000000010bff4      0x103 obj/libnklabs/nkdbase.o
                                        0x10b (size before relaxing)
 *fill*         0x000000000010c0f7        0x1 
 .rodata.str1.4
                0x000000000010c0f8      0x2db obj/libnklabs/nkmcuflash.o
                                        0x30f (size before relaxing)
 *fill*         0x000000000010c3d3        0x1 
 .rodata.str1.4
                0x000000000010c3d4       0x1c obj/libnklabs/nkprintf.o
                                         0x28 (size before relaxing)
 .rodata.str1.4
                0x000000000010c3f0        0x4 obj/libnklabs/nkreadline.o
                                          0x6 (size before relaxing)
 .rodata.str1.4
                0x000000000010c3f4      0x243 obj/libnklabs/nksched.o
                                        0x273 (size before relaxing)
 *fill*         0x000000000010c637        0x1 
 .rodata.str1.4
                0x000000000010c638      0x328 obj/libnklabs/nkserialize.o
                                        0x334 (size before relaxing)
 .rodata.str1.4
                0x000000000010c960      0x22c obj/libnklabs/nkymodem.o
                                        0x22f (size before relaxing)
 *(.srodata)
 .srodata       0x000000000010cb8c        0xa obj/version.o
                0x000000000010cb8c                build_minute
                0x000000000010cb8d                build_hour
                0x000000000010cb8e                build_day
                0x000000000010cb8f                build_month
                0x000000000010cb90                build_year
                0x000000000010cb92                firmware_minor
                0x000000000010cb94                firmware_major
 *(.srodata*)
 *(.eh_frame)
 *fill*         0x000000000010cb96        0x2 
 .eh_frame      0x000000000010cb98       0x28 /opt/riscv32imc/bin/../lib/gcc/riscv32-unknown-elf/8.2.0/libgcc.a(_udivdi3.o)
 .eh_frame      0x000000000010cbc0       0x28 /opt/riscv32imc/bin/../lib/gcc/riscv32-unknown-elf/8.2.0/libgcc.a(_umoddi3.o)
                0x000000000010cbe8                . = ALIGN (0x4)
                0x000000000010cbe8                _etext = .
                0x000000000010cbe8                _sidata = _etext

.rela.dyn       0x000000000010cbe8        0x0
 .rela.text     0x000000000010cbe8        0x0 obj/start.o
 .rela.rodata   0x000000000010cbe8        0x0 obj/start.o

.data           0x0000000000000100       0xc8 load address 0x000000000010cbe8
                0x0000000000000100                . = ALIGN (0x4)
                0x0000000000000100                _sdata = .
                0x0000000000000100                _ram_start = .
                0x0000000000000100                . = ALIGN (0x4)
 *(.data)
 .data          0x0000000000000100        0x0 obj/start.o
 .data          0x0000000000000100        0x0 obj/main.o
 .data          0x0000000000000100        0x0 obj/fpga.o
 .data          0x0000000000000100        0x0 obj/nkarch_riscv.o
 .data          0x0000000000000100        0x0 obj/nkuart_riscv.o
 .data          0x0000000000000100        0x0 obj/nkymodem_cmd.o
 .data          0x0000000000000100        0x0 obj/tunnel_fpga.o
 .data          0x0000000000000100        0x0 obj/database.o
 .data          0x0000000000000100        0x0 obj/basic_cmds.o
 .data          0x0000000000000100        0x0 obj/info_cmd.o
 .data          0x0000000000000100        0x0 obj/libnklabs/nkchecked.o
 .data          0x0000000000000100        0x0 obj/libnklabs/nkdirect.o
 .data          0x0000000000000100        0x0 obj/libnklabs/nkcli.o
 .data          0x0000000000000100        0x0 obj/libnklabs/nkcrclib.o
 .data          0x0000000000000100        0x0 obj/libnklabs/nkdbase.o
 .data          0x0000000000000100        0x0 obj/libnklabs/nkinfile.o
 .data          0x0000000000000100        0x0 obj/libnklabs/nkmcuflash.o
 .data          0x0000000000000100        0x0 obj/libnklabs/nkoutfile.o
 .data          0x0000000000000100       0x38 obj/libnklabs/nkprintf.o
 .data          0x0000000000000138        0x0 obj/libnklabs/nkreadline.o
 .data          0x0000000000000138        0x0 obj/libnklabs/nkscan.o
 .data          0x0000000000000138        0x0 obj/libnklabs/nksched.o
 .data          0x0000000000000138        0x0 obj/libnklabs/nkserialize.o
 .data          0x0000000000000138        0x0 obj/libnklabs/nkstring.o
 .data          0x0000000000000138        0x9 obj/libnklabs/nkymodem.o
                0x0000000000000138                TIMEOUT
 .data          0x0000000000000141        0x0 obj/version.o
 .data          0x0000000000000141        0x0 /opt/riscv32imc/bin/../lib/gcc/riscv32-unknown-elf/8.2.0/libgcc.a(_udivdi3.o)
 .data          0x0000000000000141        0x0 /opt/riscv32imc/bin/../lib/gcc/riscv32-unknown-elf/8.2.0/libgcc.a(_umoddi3.o)
 .data          0x0000000000000141        0x0 /opt/riscv32imc/bin/../lib/gcc/riscv32-unknown-elf/8.2.0/libgcc.a(fixdfsi.o)
 .data          0x0000000000000141        0x0 /opt/riscv32imc/bin/../lib/gcc/riscv32-unknown-elf/8.2.0/libgcc.a(fixunsdfsi.o)
 .data          0x0000000000000141        0x0 /opt/riscv32imc/bin/../lib/gcc/riscv32-unknown-elf/8.2.0/libgcc.a(floatdidf.o)
 .data          0x0000000000000141        0x0 /opt/riscv32imc/bin/../lib/gcc/riscv32-unknown-elf/8.2.0/libgcc.a(floatundidf.o)
 .data          0x0000000000000141        0x0 /opt/riscv32imc/bin/../lib/gcc/riscv32-unknown-elf/8.2.0/libgcc.a(floatdisf.o)
 .data          0x0000000000000141        0x0 /opt/riscv32imc/bin/../lib/gcc/riscv32-unknown-elf/8.2.0/libgcc.a(floatundisf.o)
 .data          0x0000000000000141        0x0 /opt/riscv32imc/bin/../lib/gcc/riscv32-unknown-elf/8.2.0/libgcc.a(extendsfdf2.o)
 .data          0x0000000000000141        0x0 /opt/riscv32imc/bin/../lib/gcc/riscv32-unknown-elf/8.2.0/libgcc.a(truncdfsf2.o)
 .data          0x0000000000000141        0x0 /opt/riscv32imc/bin/../lib/gcc/riscv32-unknown-elf/8.2.0/libgcc.a(_lshrdi3.o)
 .data          0x0000000000000141        0x0 /opt/riscv32imc/bin/../lib/gcc/riscv32-unknown-elf/8.2.0/libgcc.a(_ashldi3.o)
 .data          0x0000000000000141        0x0 /opt/riscv32imc/bin/../lib/gcc/riscv32-unknown-elf/8.2.0/libgcc.a(_clz.o)
 .data          0x0000000000000141        0x0 /opt/riscv32imc/bin/../lib/gcc/riscv32-unknown-elf/8.2.0/libgcc.a(_clzsi2.o)
 *(.data*)
 *(.sdata)
 *fill*         0x0000000000000141        0x3 
 .sdata         0x0000000000000144        0x4 obj/libnklabs/nkcli.o
                0x0000000000000144                facmode
 .sdata         0x0000000000000148        0x4 obj/libnklabs/nkinfile.o
                0x0000000000000148                nkinfile_null
 .sdata         0x000000000000014c        0xc obj/libnklabs/nkprintf.o
                0x000000000000014c                nkstdnull
                0x0000000000000150                nkstderr
                0x0000000000000154                nkstdout
 .sdata         0x0000000000000158        0x1 obj/libnklabs/nkreadline.o
 *fill*         0x0000000000000159        0x3 
 .sdata         0x000000000000015c        0x4 obj/libnklabs/nkymodem.o
 *(.sdata*)
                0x0000000000000160                . = ALIGN (0x4)
                0x0000000000000160                __start_COMMAND_TABLE = .
 *(.COMMAND_TABLE)
 .COMMAND_TABLE
                0x0000000000000160       0x10 obj/fpga.o
 .COMMAND_TABLE
                0x0000000000000170        0x8 obj/nkymodem_cmd.o
 .COMMAND_TABLE
                0x0000000000000178        0x8 obj/tunnel_fpga.o
 .COMMAND_TABLE
                0x0000000000000180        0x8 obj/database.o
 .COMMAND_TABLE
                0x0000000000000188       0x18 obj/basic_cmds.o
 .COMMAND_TABLE
                0x00000000000001a0        0x8 obj/info_cmd.o
 .COMMAND_TABLE
                0x00000000000001a8        0x8 obj/libnklabs/nkcli.o
 .COMMAND_TABLE
                0x00000000000001b0        0x8 obj/libnklabs/nkmcuflash.o
 .COMMAND_TABLE
                0x00000000000001b8       0x10 obj/libnklabs/nksched.o
                0x00000000000001c8                __stop_COMMAND_TABLE = .
                0x00000000000001c8                . = ALIGN (0x4)
                0x00000000000001c8                _edata = .

.bss            0x00000000000001c8     0x1748 load address 0x000000000010ccb0
                0x00000000000001c8                . = ALIGN (0x4)
                0x00000000000001c8                _sbss = .
 *(.bss)
 .bss           0x00000000000001c8        0x0 obj/start.o
 .bss           0x00000000000001c8        0x0 obj/main.o
 .bss           0x00000000000001c8        0x0 obj/fpga.o
 .bss           0x00000000000001c8        0x0 obj/nkarch_riscv.o
 .bss           0x00000000000001c8      0x800 obj/nkuart_riscv.o
 .bss           0x00000000000009c8      0x485 obj/nkymodem_cmd.o
 .bss           0x0000000000000e4d        0x0 obj/tunnel_fpga.o
 .bss           0x0000000000000e4d        0x0 obj/database.o
 .bss           0x0000000000000e4d        0x0 obj/basic_cmds.o
 .bss           0x0000000000000e4d        0x0 obj/info_cmd.o
 .bss           0x0000000000000e4d        0x0 obj/libnklabs/nkchecked.o
 .bss           0x0000000000000e4d        0x0 obj/libnklabs/nkdirect.o
 .bss           0x0000000000000e4d        0x0 obj/libnklabs/nkcli.o
 .bss           0x0000000000000e4d        0x0 obj/libnklabs/nkcrclib.o
 .bss           0x0000000000000e4d        0x0 obj/libnklabs/nkdbase.o
 *fill*         0x0000000000000e4d        0x3 
 .bss           0x0000000000000e50       0x28 obj/libnklabs/nkinfile.o
 .bss           0x0000000000000e78        0x0 obj/libnklabs/nkmcuflash.o
 .bss           0x0000000000000e78        0x0 obj/libnklabs/nkoutfile.o
 .bss           0x0000000000000e78        0x0 obj/libnklabs/nkprintf.o
 .bss           0x0000000000000e78      0x480 obj/libnklabs/nkreadline.o
 .bss           0x00000000000012f8        0x0 obj/libnklabs/nkscan.o
 .bss           0x00000000000012f8      0x2d0 obj/libnklabs/nksched.o
 .bss           0x00000000000015c8       0x50 obj/libnklabs/nkserialize.o
 .bss           0x0000000000001618        0x0 obj/libnklabs/nkstring.o
 .bss           0x0000000000001618      0x190 obj/libnklabs/nkymodem.o
 .bss           0x00000000000017a8        0x0 obj/version.o
 .bss           0x00000000000017a8        0x0 /opt/riscv32imc/bin/../lib/gcc/riscv32-unknown-elf/8.2.0/libgcc.a(_udivdi3.o)
 .bss           0x00000000000017a8        0x0 /opt/riscv32imc/bin/../lib/gcc/riscv32-unknown-elf/8.2.0/libgcc.a(_umoddi3.o)
 .bss           0x00000000000017a8        0x0 /opt/riscv32imc/bin/../lib/gcc/riscv32-unknown-elf/8.2.0/libgcc.a(fixdfsi.o)
 .bss           0x00000000000017a8        0x0 /opt/riscv32imc/bin/../lib/gcc/riscv32-unknown-elf/8.2.0/libgcc.a(fixunsdfsi.o)
 .bss           0x00000000000017a8        0x0 /opt/riscv32imc/bin/../lib/gcc/riscv32-unknown-elf/8.2.0/libgcc.a(floatdidf.o)
 .bss           0x00000000000017a8        0x0 /opt/riscv32imc/bin/../lib/gcc/riscv32-unknown-elf/8.2.0/libgcc.a(floatundidf.o)
 .bss           0x00000000000017a8        0x0 /opt/riscv32imc/bin/../lib/gcc/riscv32-unknown-elf/8.2.0/libgcc.a(floatdisf.o)
 .bss           0x00000000000017a8        0x0 /opt/riscv32imc/bin/../lib/gcc/riscv32-unknown-elf/8.2.0/libgcc.a(floatundisf.o)
 .bss           0x00000000000017a8        0x0 /opt/riscv32imc/bin/../lib/gcc/riscv32-unknown-elf/8.2.0/libgcc.a(extendsfdf2.o)
 .bss           0x00000000000017a8        0x0 /opt/riscv32imc/bin/../lib/gcc/riscv32-unknown-elf/8.2.0/libgcc.a(truncdfsf2.o)
 .bss           0x00000000000017a8        0x0 /opt/riscv32imc/bin/../lib/gcc/riscv32-unknown-elf/8.2.0/libgcc.a(_lshrdi3.o)
 .bss           0x00000000000017a8        0x0 /opt/riscv32imc/bin/../lib/gcc/riscv32-unknown-elf/8.2.0/libgcc.a(_ashldi3.o)
 .bss           0x00000000000017a8        0x0 /opt/riscv32imc/bin/../lib/gcc/riscv32-unknown-elf/8.2.0/libgcc.a(_clz.o)
 .bss           0x00000000000017a8        0x0 /opt/riscv32imc/bin/../lib/gcc/riscv32-unknown-elf/8.2.0/libgcc.a(_clzsi2.o)
 *(.bss*)
 *(.sbss)
 .sbss          0x00000000000017a8       0x10 obj/nkuart_riscv.o
                0x00000000000017a8                console_lock
 .sbss          0x00000000000017b8        0x8 obj/nkymodem_cmd.o
 .sbss          0x00000000000017c0        0x4 obj/libnklabs/nkcli.o
                0x00000000000017c0                cli_disabled
 .sbss          0x00000000000017c4        0x4 obj/libnklabs/nkmcuflash.o
 .sbss          0x00000000000017c8       0x18 obj/libnklabs/nkreadline.o
 .sbss          0x00000000000017e0       0x14 obj/libnklabs/nksched.o
                0x00000000000017f0                sched_lock
 .sbss          0x00000000000017f4       0x5c obj/libnklabs/nkymodem.o
 *(.sbss*)
 *(COMMON)
 COMMON         0x0000000000001850        0xc obj/nkuart_riscv.o
                0x0000000000001850                waiting_rx_task
                0x0000000000001854                waiting_rx_task_data
                0x0000000000001858                waiting_rx_tid
 COMMON         0x000000000000185c        0xc obj/nkymodem_cmd.o
                0x000000000000185c                ymodem_file
 COMMON         0x0000000000001868        0x1 obj/tunnel_fpga.o
                0x0000000000001868                tag
 *fill*         0x0000000000001869        0x3 
 COMMON         0x000000000000186c       0x8d obj/database.o
                0x000000000000186c                xfer_buf
                0x00000000000018ec                cal
                0x00000000000018f8                cal_rev
 *fill*         0x00000000000018f9        0x3 
 COMMON         0x00000000000018fc        0x4 obj/libnklabs/nkcli.o
                0x00000000000018fc                nk_cli_tid
 COMMON         0x0000000000001900        0xc obj/libnklabs/nkreadline.o
                0x0000000000001900                console_tid
                0x0000000000001904                console_prompt
                0x0000000000001908                console_callback
 COMMON         0x000000000000190c        0x4 obj/libnklabs/nksched.o
                0x000000000000190c                test_tid
                0x0000000000001910                . = ALIGN (0x4)
                0x0000000000001910                _ebss = .

.heap           0x0000000000001910        0x0
                0x0000000000001910                . = ALIGN (0x4)
                0x0000000000001910                _heap_start = .
LOAD obj/start.o
LOAD obj/main.o
LOAD obj/fpga.o
LOAD obj/nkarch_riscv.o
LOAD obj/nkuart_riscv.o
LOAD obj/nkymodem_cmd.o
LOAD obj/tunnel_fpga.o
LOAD obj/database.o
LOAD obj/basic_cmds.o
LOAD obj/info_cmd.o
LOAD obj/libnklabs/nkchecked.o
LOAD obj/libnklabs/nkdirect.o
LOAD obj/libnklabs/nkcli.o
LOAD obj/libnklabs/nkcrclib.o
LOAD obj/libnklabs/nkdbase.o
LOAD obj/libnklabs/nkinfile.o
LOAD obj/libnklabs/nkmcuflash.o
LOAD obj/libnklabs/nkoutfile.o
LOAD obj/libnklabs/nkprintf.o
LOAD obj/libnklabs/nkreadline.o
LOAD obj/libnklabs/nkscan.o
LOAD obj/libnklabs/nksched.o
LOAD obj/libnklabs/nkserialize.o
LOAD obj/libnklabs/nkstring.o
LOAD obj/libnklabs/nkymodem.o
LOAD obj/version.o
LOAD /opt/riscv32imc/bin/../lib/gcc/riscv32-unknown-elf/8.2.0/libgcc.a
OUTPUT(ulx3s.elf elf32-littleriscv)

.comment        0x0000000000000000       0x11
 .comment       0x0000000000000000       0x11 obj/main.o
                                         0x12 (size before relaxing)
 .comment       0x0000000000000011       0x12 obj/fpga.o
 .comment       0x0000000000000011       0x12 obj/nkarch_riscv.o
 .comment       0x0000000000000011       0x12 obj/nkuart_riscv.o
 .comment       0x0000000000000011       0x12 obj/nkymodem_cmd.o
 .comment       0x0000000000000011       0x12 obj/tunnel_fpga.o
 .comment       0x0000000000000011       0x12 obj/database.o
 .comment       0x0000000000000011       0x12 obj/basic_cmds.o
 .comment       0x0000000000000011       0x12 obj/info_cmd.o
 .comment       0x0000000000000011       0x12 obj/libnklabs/nkchecked.o
 .comment       0x0000000000000011       0x12 obj/libnklabs/nkdirect.o
 .comment       0x0000000000000011       0x12 obj/libnklabs/nkcli.o
 .comment       0x0000000000000011       0x12 obj/libnklabs/nkcrclib.o
 .comment       0x0000000000000011       0x12 obj/libnklabs/nkdbase.o
 .comment       0x0000000000000011       0x12 obj/libnklabs/nkinfile.o
 .comment       0x0000000000000011       0x12 obj/libnklabs/nkmcuflash.o
 .comment       0x0000000000000011       0x12 obj/libnklabs/nkoutfile.o
 .comment       0x0000000000000011       0x12 obj/libnklabs/nkprintf.o
 .comment       0x0000000000000011       0x12 obj/libnklabs/nkreadline.o
 .comment       0x0000000000000011       0x12 obj/libnklabs/nkscan.o
 .comment       0x0000000000000011       0x12 obj/libnklabs/nksched.o
 .comment       0x0000000000000011       0x12 obj/libnklabs/nkserialize.o
 .comment       0x0000000000000011       0x12 obj/libnklabs/nkstring.o
 .comment       0x0000000000000011       0x12 obj/libnklabs/nkymodem.o
 .comment       0x0000000000000011       0x12 obj/version.o
 .comment       0x0000000000000011       0x12 /opt/riscv32imc/bin/../lib/gcc/riscv32-unknown-elf/8.2.0/libgcc.a(_udivdi3.o)
 .comment       0x0000000000000011       0x12 /opt/riscv32imc/bin/../lib/gcc/riscv32-unknown-elf/8.2.0/libgcc.a(_umoddi3.o)
 .comment       0x0000000000000011       0x12 /opt/riscv32imc/bin/../lib/gcc/riscv32-unknown-elf/8.2.0/libgcc.a(fixdfsi.o)
 .comment       0x0000000000000011       0x12 /opt/riscv32imc/bin/../lib/gcc/riscv32-unknown-elf/8.2.0/libgcc.a(fixunsdfsi.o)
 .comment       0x0000000000000011       0x12 /opt/riscv32imc/bin/../lib/gcc/riscv32-unknown-elf/8.2.0/libgcc.a(floatdidf.o)
 .comment       0x0000000000000011       0x12 /opt/riscv32imc/bin/../lib/gcc/riscv32-unknown-elf/8.2.0/libgcc.a(floatundidf.o)
 .comment       0x0000000000000011       0x12 /opt/riscv32imc/bin/../lib/gcc/riscv32-unknown-elf/8.2.0/libgcc.a(floatdisf.o)
 .comment       0x0000000000000011       0x12 /opt/riscv32imc/bin/../lib/gcc/riscv32-unknown-elf/8.2.0/libgcc.a(floatundisf.o)
 .comment       0x0000000000000011       0x12 /opt/riscv32imc/bin/../lib/gcc/riscv32-unknown-elf/8.2.0/libgcc.a(extendsfdf2.o)
 .comment       0x0000000000000011       0x12 /opt/riscv32imc/bin/../lib/gcc/riscv32-unknown-elf/8.2.0/libgcc.a(truncdfsf2.o)
 .comment       0x0000000000000011       0x12 /opt/riscv32imc/bin/../lib/gcc/riscv32-unknown-elf/8.2.0/libgcc.a(_lshrdi3.o)
 .comment       0x0000000000000011       0x12 /opt/riscv32imc/bin/../lib/gcc/riscv32-unknown-elf/8.2.0/libgcc.a(_ashldi3.o)
 .comment       0x0000000000000011       0x12 /opt/riscv32imc/bin/../lib/gcc/riscv32-unknown-elf/8.2.0/libgcc.a(_clz.o)
 .comment       0x0000000000000011       0x12 /opt/riscv32imc/bin/../lib/gcc/riscv32-unknown-elf/8.2.0/libgcc.a(_clzsi2.o)

Cross Reference Table

Symbol                                            File
TIMEOUT                                           obj/libnklabs/nkymodem.o
__ashldi3                                         /opt/riscv32imc/bin/../lib/gcc/riscv32-unknown-elf/8.2.0/libgcc.a(_ashldi3.o)
                                                  /opt/riscv32imc/bin/../lib/gcc/riscv32-unknown-elf/8.2.0/libgcc.a(floatundisf.o)
                                                  /opt/riscv32imc/bin/../lib/gcc/riscv32-unknown-elf/8.2.0/libgcc.a(floatdisf.o)
                                                  /opt/riscv32imc/bin/../lib/gcc/riscv32-unknown-elf/8.2.0/libgcc.a(floatundidf.o)
                                                  /opt/riscv32imc/bin/../lib/gcc/riscv32-unknown-elf/8.2.0/libgcc.a(floatdidf.o)
__clz_tab                                         /opt/riscv32imc/bin/../lib/gcc/riscv32-unknown-elf/8.2.0/libgcc.a(_clz.o)
                                                  /opt/riscv32imc/bin/../lib/gcc/riscv32-unknown-elf/8.2.0/libgcc.a(_clzsi2.o)
                                                  /opt/riscv32imc/bin/../lib/gcc/riscv32-unknown-elf/8.2.0/libgcc.a(_umoddi3.o)
                                                  /opt/riscv32imc/bin/../lib/gcc/riscv32-unknown-elf/8.2.0/libgcc.a(_udivdi3.o)
__clzsi2                                          /opt/riscv32imc/bin/../lib/gcc/riscv32-unknown-elf/8.2.0/libgcc.a(_clzsi2.o)
                                                  /opt/riscv32imc/bin/../lib/gcc/riscv32-unknown-elf/8.2.0/libgcc.a(extendsfdf2.o)
                                                  /opt/riscv32imc/bin/../lib/gcc/riscv32-unknown-elf/8.2.0/libgcc.a(floatundisf.o)
                                                  /opt/riscv32imc/bin/../lib/gcc/riscv32-unknown-elf/8.2.0/libgcc.a(floatdisf.o)
                                                  /opt/riscv32imc/bin/../lib/gcc/riscv32-unknown-elf/8.2.0/libgcc.a(floatundidf.o)
                                                  /opt/riscv32imc/bin/../lib/gcc/riscv32-unknown-elf/8.2.0/libgcc.a(floatdidf.o)
__extendsfdf2                                     /opt/riscv32imc/bin/../lib/gcc/riscv32-unknown-elf/8.2.0/libgcc.a(extendsfdf2.o)
                                                  obj/libnklabs/nkserialize.o
__fixdfsi                                         /opt/riscv32imc/bin/../lib/gcc/riscv32-unknown-elf/8.2.0/libgcc.a(fixdfsi.o)
                                                  obj/libnklabs/nkserialize.o
__fixunsdfsi                                      /opt/riscv32imc/bin/../lib/gcc/riscv32-unknown-elf/8.2.0/libgcc.a(fixunsdfsi.o)
                                                  obj/libnklabs/nkserialize.o
__floatdidf                                       /opt/riscv32imc/bin/../lib/gcc/riscv32-unknown-elf/8.2.0/libgcc.a(floatdidf.o)
                                                  obj/libnklabs/nkserialize.o
__floatdisf                                       /opt/riscv32imc/bin/../lib/gcc/riscv32-unknown-elf/8.2.0/libgcc.a(floatdisf.o)
                                                  obj/libnklabs/nkserialize.o
__floatundidf                                     /opt/riscv32imc/bin/../lib/gcc/riscv32-unknown-elf/8.2.0/libgcc.a(floatundidf.o)
                                                  obj/libnklabs/nkserialize.o
__floatundisf                                     /opt/riscv32imc/bin/../lib/gcc/riscv32-unknown-elf/8.2.0/libgcc.a(floatundisf.o)
                                                  obj/libnklabs/nkserialize.o
__lshrdi3                                         /opt/riscv32imc/bin/../lib/gcc/riscv32-unknown-elf/8.2.0/libgcc.a(_lshrdi3.o)
                                                  /opt/riscv32imc/bin/../lib/gcc/riscv32-unknown-elf/8.2.0/libgcc.a(floatundisf.o)
                                                  /opt/riscv32imc/bin/../lib/gcc/riscv32-unknown-elf/8.2.0/libgcc.a(floatdisf.o)
                                                  /opt/riscv32imc/bin/../lib/gcc/riscv32-unknown-elf/8.2.0/libgcc.a(floatundidf.o)
                                                  /opt/riscv32imc/bin/../lib/gcc/riscv32-unknown-elf/8.2.0/libgcc.a(floatdidf.o)
__start_COMMAND_TABLE                             obj/libnklabs/nkcli.o
__stop_COMMAND_TABLE                              obj/libnklabs/nkcli.o
__truncdfsf2                                      /opt/riscv32imc/bin/../lib/gcc/riscv32-unknown-elf/8.2.0/libgcc.a(truncdfsf2.o)
                                                  obj/libnklabs/nkserialize.o
__udivdi3                                         /opt/riscv32imc/bin/../lib/gcc/riscv32-unknown-elf/8.2.0/libgcc.a(_udivdi3.o)
                                                  obj/libnklabs/nkprintf.o
__umoddi3                                         /opt/riscv32imc/bin/../lib/gcc/riscv32-unknown-elf/8.2.0/libgcc.a(_umoddi3.o)
                                                  obj/libnklabs/nkprintf.o
_ebss                                             obj/info_cmd.o
                                                  obj/start.o
_edata                                            obj/info_cmd.o
                                                  obj/start.o
_etext                                            obj/info_cmd.o
_nk_flush_and_putc                                obj/libnklabs/nkoutfile.o
                                                  obj/libnklabs/nkserialize.o
                                                  obj/libnklabs/nkprintf.o
                                                  obj/libnklabs/nkinfile.o
                                                  obj/libnklabs/nkdbase.o
_nk_sched                                         obj/libnklabs/nksched.o
                                                  obj/libnklabs/nkymodem.o
                                                  obj/libnklabs/nkcli.o
                                                  obj/nkuart_riscv.o
_sbss                                             obj/info_cmd.o
                                                  obj/start.o
_sdata                                            obj/info_cmd.o
                                                  obj/start.o
_sidata                                           obj/start.o
atoi                                              obj/nkarch_riscv.o
                                                  obj/libnklabs/nkymodem.o
                                                  obj/nkymodem_cmd.o
build_day                                         obj/version.o
                                                  obj/info_cmd.o
build_hour                                        obj/version.o
                                                  obj/info_cmd.o
build_minute                                      obj/version.o
                                                  obj/info_cmd.o
build_month                                       obj/version.o
                                                  obj/info_cmd.o
build_year                                        obj/version.o
                                                  obj/info_cmd.o
cal                                               obj/database.o
cal_dbase                                         obj/database.o
cal_defaults                                      obj/database.o
cal_members                                       obj/database.o
cal_rev                                           obj/database.o
cli_disabled                                      obj/libnklabs/nkcli.o
console_callback                                  obj/libnklabs/nkreadline.o
console_lock                                      obj/nkuart_riscv.o
console_prompt                                    obj/libnklabs/nkreadline.o
console_tid                                       obj/libnklabs/nkreadline.o
database_init                                     obj/database.o
                                                  obj/main.o
debug_rcv_status                                  obj/libnklabs/nkymodem.o
                                                  obj/nkymodem_cmd.o
facmode                                           obj/libnklabs/nkcli.o
                                                  obj/libnklabs/nkmcuflash.o
                                                  obj/basic_cmds.o
                                                  obj/fpga.o
firmware_major                                    obj/version.o
                                                  obj/info_cmd.o
firmware_minor                                    obj/version.o
                                                  obj/info_cmd.o
flashio_worker_begin                              obj/start.o
                                                  obj/nkarch_riscv.o
flashio_worker_end                                obj/start.o
                                                  obj/nkarch_riscv.o
fpga_rd                                           obj/fpga.o
                                                  obj/tunnel_fpga.o
fpga_regtable                                     obj/tunnel_fpga.o
                                                  obj/fpga.o
fpga_wr                                           obj/fpga.o
                                                  obj/tunnel_fpga.o
git_hash                                          obj/version.o
                                                  obj/info_cmd.o
irq                                               obj/main.o
                                                  obj/start.o
main                                              obj/main.o
                                                  obj/start.o
memcmp                                            obj/nkarch_riscv.o
memcpy                                            obj/nkarch_riscv.o
                                                  obj/libnklabs/nkreadline.o
memmove                                           obj/nkarch_riscv.o
                                                  obj/libnklabs/nkreadline.o
memset                                            obj/nkarch_riscv.o
                                                  obj/libnklabs/nkymodem.o
                                                  obj/libnklabs/nkcli.o
nk_alloc_tid                                      obj/libnklabs/nksched.o
                                                  obj/libnklabs/nkymodem.o
                                                  obj/libnklabs/nkcli.o
nk_byte_hex_dump                                  obj/libnklabs/nkprintf.o
                                                  obj/libnklabs/nkymodem.o
                                                  obj/libnklabs/nkmcuflash.o
                                                  obj/basic_cmds.o
                                                  obj/fpga.o
nk_check                                          obj/libnklabs/nksched.o
nk_checked_read                                   obj/libnklabs/nkchecked.o
                                                  obj/libnklabs/nkdbase.o
nk_checked_read_open                              obj/libnklabs/nkchecked.o
                                                  obj/libnklabs/nkdbase.o
nk_checked_write                                  obj/libnklabs/nkchecked.o
                                                  obj/libnklabs/nkdbase.o
nk_checked_write_close                            obj/libnklabs/nkchecked.o
                                                  obj/libnklabs/nkdbase.o
nk_checked_write_open                             obj/libnklabs/nkchecked.o
                                                  obj/libnklabs/nkdbase.o
nk_cli_disable                                    obj/libnklabs/nkcli.o
                                                  obj/libnklabs/nkymodem.o
nk_cli_enable                                     obj/libnklabs/nkcli.o
                                                  obj/libnklabs/nkymodem.o
nk_cli_tid                                        obj/libnklabs/nkcli.o
                                                  obj/libnklabs/nkymodem.o
nk_complete                                       obj/libnklabs/nkcli.o
                                                  obj/libnklabs/nkreadline.o
nk_convert_delay                                  obj/nkarch_riscv.o
                                                  obj/libnklabs/nksched.o
nk_crc16be_check                                  obj/libnklabs/nkcrclib.o
                                                  obj/libnklabs/nkymodem.o
nk_crc16be_update                                 obj/libnklabs/nkcrclib.o
nk_crc16le_check                                  obj/libnklabs/nkcrclib.o
nk_crc16le_update                                 obj/libnklabs/nkcrclib.o
nk_crc32be_check                                  obj/libnklabs/nkcrclib.o
nk_crc32be_update                                 obj/libnklabs/nkcrclib.o
                                                  obj/libnklabs/nkmcuflash.o
                                                  obj/libnklabs/nkdirect.o
                                                  obj/libnklabs/nkchecked.o
nk_crc32le_check                                  obj/libnklabs/nkcrclib.o
nk_crc32le_update                                 obj/libnklabs/nkcrclib.o
nk_crc8                                           obj/libnklabs/nkcrclib.o
nk_dbase_fprint                                   obj/libnklabs/nkserialize.o
                                                  obj/database.o
nk_dbase_load                                     obj/libnklabs/nkdbase.o
                                                  obj/database.o
nk_dbase_save                                     obj/libnklabs/nkdbase.o
                                                  obj/database.o
nk_dbase_serialize                                obj/libnklabs/nkserialize.o
                                                  obj/libnklabs/nkdbase.o
nk_direct_read                                    obj/libnklabs/nkdirect.o
nk_direct_read_open                               obj/libnklabs/nkdirect.o
nk_direct_write                                   obj/libnklabs/nkdirect.o
                                                  obj/nkymodem_cmd.o
nk_direct_write_close                             obj/libnklabs/nkdirect.o
                                                  obj/nkymodem_cmd.o
nk_direct_write_open                              obj/libnklabs/nkdirect.o
                                                  obj/nkymodem_cmd.o
nk_fbyte_hex_dump                                 obj/libnklabs/nkprintf.o
nk_fcopy                                          obj/libnklabs/nkinfile.o
                                                  obj/libnklabs/nkserialize.o
nk_fflush                                         obj/libnklabs/nkoutfile.o
                                                  obj/libnklabs/nkdbase.o
nk_findent                                        obj/libnklabs/nkprintf.o
                                                  obj/libnklabs/nkserialize.o
nk_fiscan                                         obj/libnklabs/nkscan.o
nk_fiscan_ident                                   obj/libnklabs/nkscan.o
nk_fiscan_word                                    obj/libnklabs/nkscan.o
nk_fprintf                                        obj/libnklabs/nkprintf.o
                                                  obj/libnklabs/nkserialize.o
                                                  obj/libnklabs/nkdbase.o
nk_fscan                                          obj/libnklabs/nkscan.o
                                                  obj/libnklabs/nkserialize.o
                                                  obj/libnklabs/nksched.o
                                                  obj/libnklabs/nkmcuflash.o
                                                  obj/libnklabs/nkdbase.o
                                                  obj/libnklabs/nkcli.o
                                                  obj/info_cmd.o
                                                  obj/basic_cmds.o
                                                  obj/database.o
                                                  obj/tunnel_fpga.o
                                                  obj/nkymodem_cmd.o
                                                  obj/fpga.o
nk_fscan_dec                                      obj/libnklabs/nkscan.o
nk_fscan_double                                   obj/libnklabs/nkscan.o
                                                  obj/libnklabs/nkserialize.o
nk_fscan_escape                                   obj/libnklabs/nkscan.o
                                                  obj/libnklabs/nkserialize.o
nk_fscan_hex                                      obj/libnklabs/nkscan.o
                                                  obj/libnklabs/nkserialize.o
nk_fscan_ident                                    obj/libnklabs/nkscan.o
nk_fscan_keyval                                   obj/libnklabs/nkserialize.o
                                                  obj/libnklabs/nkscan.o
nk_fscan_word                                     obj/libnklabs/nkscan.o
nk_fscan_ws                                       obj/libnklabs/nkscan.o
                                                  obj/libnklabs/nkserialize.o
nk_fseek_slow                                     obj/libnklabs/nkinfile.o
                                                  obj/libnklabs/nkserialize.o
                                                  obj/libnklabs/nkscan.o
                                                  obj/libnklabs/nkdbase.o
nk_get_echo                                       obj/libnklabs/nkreadline.o
                                                  obj/basic_cmds.o
nk_get_sched_sleep_mode                           obj/libnklabs/nksched.o
nk_get_tid                                        obj/libnklabs/nksched.o
nk_get_time                                       obj/nkarch_riscv.o
                                                  obj/libnklabs/nksched.o
                                                  obj/nkuart_riscv.o
nk_get_uart_mode                                  obj/nkuart_riscv.o
nk_getc                                           obj/nkuart_riscv.o
                                                  obj/libnklabs/nkymodem.o
                                                  obj/libnklabs/nkreadline.o
nk_help                                           obj/libnklabs/nkcli.o
                                                  obj/libnklabs/nkreadline.o
nk_indent                                         obj/libnklabs/nkprintf.o
nk_infile_print                                   obj/libnklabs/nkinfile.o
nk_init_cli                                       obj/libnklabs/nkcli.o
                                                  obj/main.o
nk_init_fpga                                      obj/fpga.o
                                                  obj/main.o
nk_init_mcuflash                                  obj/nkarch_riscv.o
nk_init_sched                                     obj/libnklabs/nksched.o
                                                  obj/main.o
nk_init_sched_timer                               obj/nkarch_riscv.o
                                                  obj/libnklabs/nksched.o
nk_init_uart                                      obj/nkuart_riscv.o
                                                  obj/main.o
nk_isspace                                        obj/libnklabs/nkstring.o
                                                  obj/libnklabs/nkscan.o
nk_isxdigit                                       obj/libnklabs/nkstring.o
nk_kbhit                                          obj/nkuart_riscv.o
nk_mcuflash_erase                                 obj/nkarch_riscv.o
                                                  obj/libnklabs/nkmcuflash.o
                                                  obj/database.o
                                                  obj/nkymodem_cmd.o
nk_mcuflash_read                                  obj/nkarch_riscv.o
                                                  obj/libnklabs/nkmcuflash.o
                                                  obj/database.o
                                                  obj/nkymodem_cmd.o
nk_mcuflash_write                                 obj/nkarch_riscv.o
                                                  obj/libnklabs/nkmcuflash.o
                                                  obj/database.o
                                                  obj/nkymodem_cmd.o
nk_memicmp                                        obj/libnklabs/nkstring.o
nk_printf                                         obj/libnklabs/nkprintf.o
                                                  obj/libnklabs/nkymodem.o
                                                  obj/libnklabs/nksched.o
                                                  obj/libnklabs/nkmcuflash.o
                                                  obj/libnklabs/nkdbase.o
                                                  obj/libnklabs/nkcli.o
                                                  obj/info_cmd.o
                                                  obj/basic_cmds.o
                                                  obj/database.o
                                                  obj/tunnel_fpga.o
                                                  obj/nkymodem_cmd.o
                                                  obj/fpga.o
                                                  obj/main.o
nk_putc                                           obj/nkuart_riscv.o
                                                  obj/libnklabs/nkymodem.o
                                                  obj/libnklabs/nkreadline.o
                                                  obj/libnklabs/nkprintf.o
                                                  obj/libnklabs/nkcli.o
nk_puts                                           obj/nkuart_riscv.o
                                                  obj/libnklabs/nkreadline.o
                                                  obj/libnklabs/nkcli.o
nk_readline                                       obj/libnklabs/nkreadline.o
                                                  obj/libnklabs/nkcli.o
nk_resched                                        obj/libnklabs/nksched.o
nk_sched_loop                                     obj/libnklabs/nksched.o
                                                  obj/main.o
nk_sched_wakeup                                   obj/nkarch_riscv.o
                                                  obj/libnklabs/nksched.o
nk_set_echo                                       obj/libnklabs/nkreadline.o
                                                  obj/basic_cmds.o
nk_set_sched_sleep_mode                           obj/libnklabs/nksched.o
nk_set_uart_callback                              obj/nkuart_riscv.o
                                                  obj/libnklabs/nkymodem.o
                                                  obj/libnklabs/nkreadline.o
nk_set_uart_mode                                  obj/nkuart_riscv.o
                                                  obj/libnklabs/nkymodem.o
nk_sfprintf                                       obj/libnklabs/nkprintf.o
nk_snprintf                                       obj/libnklabs/nkprintf.o
                                                  obj/libnklabs/nkymodem.o
                                                  obj/libnklabs/nkserialize.o
nk_stricmp                                        obj/libnklabs/nkstring.o
nk_tolower                                        obj/libnklabs/nkstring.o
                                                  obj/libnklabs/nkscan.o
nk_tolowers                                       obj/libnklabs/nkstring.o
nk_uart_read                                      obj/nkuart_riscv.o
nk_uart_write                                     obj/nkuart_riscv.o
nk_udelay                                         obj/nkarch_riscv.o
                                                  obj/libnklabs/nkymodem.o
                                                  obj/basic_cmds.o
nk_unsched                                        obj/libnklabs/nksched.o
                                                  obj/libnklabs/nkymodem.o
nk_viscan                                         obj/libnklabs/nkscan.o
nk_vprintf                                        obj/libnklabs/nkprintf.o
nk_vscan                                          obj/libnklabs/nkscan.o
nk_xpath                                          obj/libnklabs/nkserialize.o
                                                  obj/database.o
nk_yrecv                                          obj/libnklabs/nkymodem.o
                                                  obj/nkymodem_cmd.o
nk_ysend_buffer                                   obj/libnklabs/nkymodem.o
nk_ysend_file                                     obj/libnklabs/nkymodem.o
nkinfile_null                                     obj/libnklabs/nkinfile.o
                                                  obj/libnklabs/nksched.o
nkinfile_open                                     obj/libnklabs/nkinfile.o
                                                  obj/libnklabs/nkdbase.o
nkinfile_open_mem                                 obj/libnklabs/nkinfile.o
nkinfile_open_string                              obj/libnklabs/nkinfile.o
                                                  obj/libnklabs/nkserialize.o
                                                  obj/libnklabs/nkcli.o
nkoutfile_open                                    obj/libnklabs/nkoutfile.o
                                                  obj/libnklabs/nkdbase.o
nkoutfile_open_mem                                obj/libnklabs/nkoutfile.o
                                                  obj/libnklabs/nkprintf.o
nkstderr                                          obj/libnklabs/nkprintf.o
                                                  obj/libnklabs/nkserialize.o
                                                  obj/libnklabs/nkdbase.o
nkstdnull                                         obj/libnklabs/nkprintf.o
nkstdout                                          obj/libnklabs/nkprintf.o
                                                  obj/libnklabs/nkinfile.o
                                                  obj/database.o
picorv32_timer_irq                                obj/nkarch_riscv.o
                                                  obj/main.o
picorv32_uart_irq                                 obj/nkuart_riscv.o
                                                  obj/main.o
reboot                                            obj/tunnel_fpga.o
                                                  obj/basic_cmds.o
sched_lock                                        obj/libnklabs/nksched.o
stpcpy                                            obj/nkarch_riscv.o
strcmp                                            obj/nkarch_riscv.o
                                                  obj/libnklabs/nkserialize.o
                                                  obj/libnklabs/nkcli.o
strcpy                                            obj/nkarch_riscv.o
                                                  obj/libnklabs/nkreadline.o
                                                  obj/nkymodem_cmd.o
strlen                                            obj/nkarch_riscv.o
                                                  obj/libnklabs/nkymodem.o
                                                  obj/libnklabs/nkreadline.o
                                                  obj/libnklabs/nkprintf.o
                                                  obj/libnklabs/nkinfile.o
                                                  obj/libnklabs/nkcli.o
                                                  obj/nkymodem_cmd.o
tag                                               obj/tunnel_fpga.o
test_tid                                          obj/libnklabs/nksched.o
tyBOOL                                            obj/libnklabs/nkserialize.o
tyCAL                                             obj/database.o
tyDOUBLE                                          obj/libnklabs/nkserialize.o
tyFLOAT                                           obj/libnklabs/nkserialize.o
tyINT                                             obj/libnklabs/nkserialize.o
tyINT16                                           obj/libnklabs/nkserialize.o
tyINT8                                            obj/libnklabs/nkserialize.o
tyIPADDR                                          obj/database.o
tyMACADDR                                         obj/database.o
tyUINT                                            obj/libnklabs/nkserialize.o
tyUINT16                                          obj/libnklabs/nkserialize.o
                                                  obj/database.o
tyUINT8                                           obj/libnklabs/nkserialize.o
                                                  obj/database.o
waiting_rx_task                                   obj/nkuart_riscv.o
waiting_rx_task_data                              obj/nkuart_riscv.o
waiting_rx_tid                                    obj/nkuart_riscv.o
xfer_buf                                          obj/database.o
ymodem_file                                       obj/nkymodem_cmd.o
                                                  obj/libnklabs/nkymodem.o
ymodem_file_fpga                                  obj/nkymodem_cmd.o
ymodem_file_fw0                                   obj/nkymodem_cmd.o
ymodem_file_fw1                                   obj/nkymodem_cmd.o
ymodem_rcv                                        obj/libnklabs/nkymodem.o
ymodem_recv_all_done                              obj/nkymodem_cmd.o
                                                  obj/libnklabs/nkymodem.o
ymodem_recv_file_cancel                           obj/nkymodem_cmd.o
                                                  obj/libnklabs/nkymodem.o
ymodem_recv_file_close                            obj/nkymodem_cmd.o
                                                  obj/libnklabs/nkymodem.o
ymodem_recv_file_open                             obj/nkymodem_cmd.o
                                                  obj/libnklabs/nkymodem.o
ymodem_recv_file_write                            obj/nkymodem_cmd.o
                                                  obj/libnklabs/nkymodem.o
ymodem_recv_init                                  obj/libnklabs/nkymodem.o
